Archive member included to satisfy reference by file (symbol)

../micro_ros_stm32cubemx_utils/microros_static_library_ide/libmicroros/libmicroros.a(librcl-publisher.c.obj)
                              ./Core/Src/main.o (rcl_publish)
../micro_ros_stm32cubemx_utils/microros_static_library_ide/libmicroros/libmicroros.a(librclc-init.c.obj)
                              ./Core/Src/main.o (rclc_support_init)
../micro_ros_stm32cubemx_utils/microros_static_library_ide/libmicroros/libmicroros.a(librclc-node.c.obj)
                              ./Core/Src/main.o (rclc_node_init_default)
../micro_ros_stm32cubemx_utils/microros_static_library_ide/libmicroros/libmicroros.a(librclc-publisher.c.obj)
                              ./Core/Src/main.o (rclc_publisher_init_default)
../micro_ros_stm32cubemx_utils/microros_static_library_ide/libmicroros/libmicroros.a(librcutils-allocator.c.obj)
                              ./Core/Src/main.o (rcutils_get_zero_initialized_allocator)
../micro_ros_stm32cubemx_utils/microros_static_library_ide/libmicroros/libmicroros.a(librcutils-error_handling.c.obj)
                              ../micro_ros_stm32cubemx_utils/microros_static_library_ide/libmicroros/libmicroros.a(librclc-init.c.obj) (rcutils_reset_error)
../micro_ros_stm32cubemx_utils/microros_static_library_ide/libmicroros/libmicroros.a(librmw-publisher_options.c.obj)
                              ../micro_ros_stm32cubemx_utils/microros_static_library_ide/libmicroros/libmicroros.a(librcl-publisher.c.obj) (rmw_get_default_publisher_options)
../micro_ros_stm32cubemx_utils/microros_static_library_ide/libmicroros/libmicroros.a(librmw_microxrcedds-custom_transport.c.obj)
                              ./Core/Src/main.o (rmw_uros_set_custom_transport)
../micro_ros_stm32cubemx_utils/microros_static_library_ide/libmicroros/libmicroros.a(librmw_microxrcedds-rmw_publish.c.obj)
                              ../micro_ros_stm32cubemx_utils/microros_static_library_ide/libmicroros/libmicroros.a(librcl-publisher.c.obj) (rmw_publish)
../micro_ros_stm32cubemx_utils/microros_static_library_ide/libmicroros/libmicroros.a(librmw_microxrcedds-rmw_publisher.c.obj)
                              ../micro_ros_stm32cubemx_utils/microros_static_library_ide/libmicroros/libmicroros.a(librcl-publisher.c.obj) (rmw_create_publisher)
../micro_ros_stm32cubemx_utils/microros_static_library_ide/libmicroros/libmicroros.a(librmw_microxrcedds-types.c.obj)
                              ../micro_ros_stm32cubemx_utils/microros_static_library_ide/libmicroros/libmicroros.a(librmw_microxrcedds-rmw_publisher.c.obj) (rmw_uxrce_fini_publisher_memory)
../micro_ros_stm32cubemx_utils/microros_static_library_ide/libmicroros/libmicroros.a(librmw_microxrcedds-utils.c.obj)
                              ../micro_ros_stm32cubemx_utils/microros_static_library_ide/libmicroros/libmicroros.a(librmw_microxrcedds-rmw_publisher.c.obj) (run_xrce_session)
../micro_ros_stm32cubemx_utils/microros_static_library_ide/libmicroros/libmicroros.a(librosidl_runtime_c-message_type_support.c.obj)
                              ../micro_ros_stm32cubemx_utils/microros_static_library_ide/libmicroros/libmicroros.a(librmw_microxrcedds-rmw_publisher.c.obj) (get_message_typesupport_handle)
../micro_ros_stm32cubemx_utils/microros_static_library_ide/libmicroros/libmicroros.a(librover_msgs__rosidl_typesupport_c-encoder_msg__type_support.cpp.obj)
                              ./Core/Src/main.o (rosidl_typesupport_c__get_message_type_support_handle__rover_msgs__msg__EncoderMsg)
../micro_ros_stm32cubemx_utils/microros_static_library_ide/libmicroros/libmicroros.a(librover_msgs__rosidl_typesupport_introspection_c-encoder_msg__type_support.c.obj)
                              ../micro_ros_stm32cubemx_utils/microros_static_library_ide/libmicroros/libmicroros.a(librover_msgs__rosidl_typesupport_c-encoder_msg__type_support.cpp.obj) (rosidl_typesupport_introspection_c__get_message_type_support_handle__rover_msgs__msg__EncoderMsg)
../micro_ros_stm32cubemx_utils/microros_static_library_ide/libmicroros/libmicroros.a(librover_msgs__rosidl_typesupport_microxrcedds_c-encoder_msg__type_support_c.c.obj)
                              ../micro_ros_stm32cubemx_utils/microros_static_library_ide/libmicroros/libmicroros.a(librover_msgs__rosidl_typesupport_c-encoder_msg__type_support.cpp.obj) (rosidl_typesupport_microxrcedds_c__get_message_type_support_handle__rover_msgs__msg__EncoderMsg)
../micro_ros_stm32cubemx_utils/microros_static_library_ide/libmicroros/libmicroros.a(libmicrocdr-basic.c.obj)
                              ../micro_ros_stm32cubemx_utils/microros_static_library_ide/libmicroros/libmicroros.a(librover_msgs__rosidl_typesupport_microxrcedds_c-encoder_msg__type_support_c.c.obj) (ucdr_serialize_float)
../micro_ros_stm32cubemx_utils/microros_static_library_ide/libmicroros/libmicroros.a(libmicrocdr-common.c.obj)
[...]
Memory Configuration

Name             Origin             Length             Attributes
RAM              0x20000000         0x00018000         xrw
FLASH            0x08000000         0x00080000         xr
*default*        0x00000000         0xffffffff

Linker script and memory map

LOAD /opt/st/stm32cubeide_1.17.0/plugins/com.st.stm32cube.ide.mcu.externaltools.gnu-tools-for-stm32.12.3.rel1.linux64_1.1.0.202410170702/tools/bin/../lib/gcc/arm-none-eabi/12.3.1/thumb/v7e-m+fp/hard/crti.o
LOAD /opt/st/stm32cubeide_1.17.0/plugins/com.st.stm32cube.ide.mcu.externaltools.gnu-tools-for-stm32.12.3.rel1.linux64_1.1.0.202410170702/tools/bin/../lib/gcc/arm-none-eabi/12.3.1/thumb/v7e-m+fp/hard/crtbegin.o
LOAD /opt/st/stm32cubeide_1.17.0/plugins/com.st.stm32cube.ide.mcu.externaltools.gnu-tools-for-stm32.12.3.rel1.linux64_1.1.0.202410170702/tools/bin/../lib/gcc/arm-none-eabi/12.3.1/../../../../arm-none-eabi/lib/thumb/v7e-m+fp/hard/crt0.o
LOAD ./Core/Src/custom_memory_manager.o
LOAD ./Core/Src/freertos.o
LOAD ./Core/Src/main.o
LOAD ./Core/Src/microros_allocators.o
LOAD ./Core/Src/microros_time.o
LOAD ./Core/Src/stm32f4xx_hal_msp.o
LOAD ./Core/Src/stm32f4xx_it.o
LOAD ./Core/Src/syscalls.o
LOAD ./Core/Src/sysmem.o
LOAD ./Core/Src/system_stm32f4xx.o
LOAD ./Core/Src/microros_transports/dma_transport.o
LOAD ./Core/Startup/startup_stm32f401retx.o
LOAD ./Drivers/STM32F4xx_HAL_Driver/Src/stm32f4xx_hal.o
LOAD ./Drivers/STM32F4xx_HAL_Driver/Src/stm32f4xx_hal_cortex.o
LOAD ./Drivers/STM32F4xx_HAL_Driver/Src/stm32f4xx_hal_dma.o
LOAD ./Drivers/STM32F4xx_HAL_Driver/Src/stm32f4xx_hal_dma_ex.o
LOAD ./Drivers/STM32F4xx_HAL_Driver/Src/stm32f4xx_hal_exti.o
LOAD ./Drivers/STM32F4xx_HAL_Driver/Src/stm32f4xx_hal_flash.o
LOAD ./Drivers/STM32F4xx_HAL_Driver/Src/stm32f4xx_hal_flash_ex.o
LOAD ./Drivers/STM32F4xx_HAL_Driver/Src/stm32f4xx_hal_flash_ramfunc.o
LOAD ./Drivers/STM32F4xx_HAL_Driver/Src/stm32f4xx_hal_gpio.o
LOAD ./Drivers/STM32F4xx_HAL_Driver/Src/stm32f4xx_hal_i2c.o
LOAD ./Drivers/STM32F4xx_HAL_Driver/Src/stm32f4xx_hal_i2c_ex.o
LOAD ./Drivers/STM32F4xx_HAL_Driver/Src/stm32f4xx_hal_pwr.o
LOAD ./Drivers/STM32F4xx_HAL_Driver/Src/stm32f4xx_hal_pwr_ex.o
LOAD ./Drivers/STM32F4xx_HAL_Driver/Src/stm32f4xx_hal_rcc.o
LOAD ./Drivers/STM32F4xx_HAL_Driver/Src/stm32f4xx_hal_rcc_ex.o
LOAD ./Drivers/STM32F4xx_HAL_Driver/Src/stm32f4xx_hal_tim.o
LOAD ./Drivers/STM32F4xx_HAL_Driver/Src/stm32f4xx_hal_tim_ex.o
LOAD ./Drivers/STM32F4xx_HAL_Driver/Src/stm32f4xx_hal_uart.o
LOAD ./Middlewares/Third_Party/FreeRTOS/Source/CMSIS_RTOS_V2/cmsis_os2.o
LOAD ./Middlewares/Third_Party/FreeRTOS/Source/croutine.o
LOAD ./Middlewares/Third_Party/FreeRTOS/Source/event_groups.o
LOAD ./Middlewares/Third_Party/FreeRTOS/Source/list.o
LOAD ./Middlewares/Third_Party/FreeRTOS/Source/queue.o
LOAD ./Middlewares/Third_Party/FreeRTOS/Source/stream_buffer.o
LOAD ./Middlewares/Third_Party/FreeRTOS/Source/tasks.o
LOAD ./Middlewares/Third_Party/FreeRTOS/Source/timers.o
LOAD ./Middlewares/Third_Party/FreeRTOS/Source/portable/GCC/ARM_CM4F/port.o
LOAD ./Middlewares/Third_Party/FreeRTOS/Source/portable/MemMang/heap_4.o
LOAD ../micro_ros_stm32cubemx_utils/microros_static_library_ide/libmicroros/libmicroros.a
START GROUP
LOAD /opt/st/stm32cubeide_1.17.0/plugins/com.st.stm32cube.ide.mcu.externaltools.gnu-tools-for-stm32.12.3.rel1.linux64_1.1.0.202410170702/tools/bin/../lib/gcc/arm-none-eabi/12.3.1/../../../../arm-none-eabi/lib/thumb/v7e-m+fp/hard/libc_nano.a
LOAD /opt/st/stm32cubeide_1.17.0/plugins/com.st.stm32cube.ide.mcu.externaltools.gnu-tools-for-stm32.12.3.rel1.linux64_1.1.0.202410170702/tools/bin/../lib/gcc/arm-none-eabi/12.3.1/../../../../arm-none-eabi/lib/thumb/v7e-m+fp/hard/libm.a
END GROUP
START GROUP
LOAD /opt/st/stm32cubeide_1.17.0/plugins/com.st.stm32cube.ide.mcu.externaltools.gnu-tools-for-stm32.12.3.rel1.linux64_1.1.0.202410170702/tools/bin/../lib/gcc/arm-none-eabi/12.3.1/thumb/v7e-m+fp/hard/libgcc.a
LOAD /opt/st/stm32cubeide_1.17.0/plugins/com.st.stm32cube.ide.mcu.externaltools.gnu-tools-for-stm32.12.3.rel1.linux64_1.1.0.202410170702/tools/bin/../lib/gcc/arm-none-eabi/12.3.1/../../../../arm-none-eabi/lib/thumb/v7e-m+fp/hard/libc_nano.a
END GROUP
START GROUP
LOAD /opt/st/stm32cubeide_1.17.0/plugins/com.st.stm32cube.ide.mcu.externaltools.gnu-tools-for-stm32.12.3.rel1.linux64_1.1.0.202410170702/tools/bin/../lib/gcc/arm-none-eabi/12.3.1/thumb/v7e-m+fp/hard/libgcc.a
LOAD /opt/st/stm32cubeide_1.17.0/plugins/com.st.stm32cube.ide.mcu.externaltools.gnu-tools-for-stm32.12.3.rel1.linux64_1.1.0.202410170702/tools/bin/../lib/gcc/arm-none-eabi/12.3.1/../../../../arm-none-eabi/lib/thumb/v7e-m+fp/hard/libc_nano.a
LOAD /opt/st/stm32cubeide_1.17.0/plugins/com.st.stm32cube.ide.mcu.externaltools.gnu-tools-for-stm32.12.3.rel1.linux64_1.1.0.202410170702/tools/bin/../lib/gcc/arm-none-eabi/12.3.1/../../../../arm-none-eabi/lib/thumb/v7e-m+fp/hard/libnosys.a
END GROUP
START GROUP
LOAD /opt/st/stm32cubeide_1.17.0/plugins/com.st.stm32cube.ide.mcu.externaltools.gnu-tools-for-stm32.12.3.rel1.linux64_1.1.0.202410170702/tools/bin/../lib/gcc/arm-none-eabi/12.3.1/thumb/v7e-m+fp/hard/libgcc.a
LOAD /opt/st/stm32cubeide_1.17.0/plugins/com.st.stm32cube.ide.mcu.externaltools.gnu-tools-for-stm32.12.3.rel1.linux64_1.1.0.202410170702/tools/bin/../lib/gcc/arm-none-eabi/12.3.1/../../../../arm-none-eabi/lib/thumb/v7e-m+fp/hard/libc_nano.a
LOAD /opt/st/stm32cubeide_1.17.0/plugins/com.st.stm32cube.ide.mcu.externaltools.gnu-tools-for-stm32.12.3.rel1.linux64_1.1.0.202410170702/tools/bin/../lib/gcc/arm-none-eabi/12.3.1/../../../../arm-none-eabi/lib/thumb/v7e-m+fp/hard/libnosys.a
END GROUP
LOAD /opt/st/stm32cubeide_1.17.0/plugins/com.st.stm32cube.ide.mcu.externaltools.gnu-tools-for-stm32.12.3.rel1.linux64_1.1.0.202410170702/tools/bin/../lib/gcc/arm-none-eabi/12.3.1/thumb/v7e-m+fp/hard/crtend.o
LOAD /opt/st/stm32cubeide_1.17.0/plugins/com.st.stm32cube.ide.mcu.externaltools.gnu-tools-for-stm32.12.3.rel1.linux64_1.1.0.202410170702/tools/bin/../lib/gcc/arm-none-eabi/12.3.1/thumb/v7e-m+fp/hard/crtn.o
                0x20018000                        _estack = (ORIGIN (RAM) + LENGTH (RAM))
                0x00000200                        _Min_Heap_Size = 0x200
                0x00000400                        _Min_Stack_Size = 0x400

.isr_vector     0x08000000      0x194
                0x08000000                        . = ALIGN (0x4)
 *(.isr_vector)
 .isr_vector    0x08000000      0x194 ./Core/Startup/startup_stm32f401retx.o
                0x08000000                g_pfnVectors
                0x08000194                        . = ALIGN (0x4)

.text           0x080001a0    0x12d40
                0x080001a0                        . = ALIGN (0x4)
 *(.text)
 .text          0x080001a0       0x40 /opt/st/stm32cubeide_1.17.0/plugins/com.st.stm32cube.ide.mcu.externaltools.gnu-tools-for-stm32.12.3.rel1.linux64_1.1.0.202410170702/tools/bin/../lib/gcc/arm-none-eabi/12.3.1/thumb/v7e-m+fp/hard/crtbegin.o
 .text          0x080001e0       0x14 /opt/st/stm32cubeide_1.17.0/plugins/com.st.stm32cube.ide.mcu.externaltools.gnu-tools-for-stm32.12.3.rel1.linux64_1.1.0.202410170702/tools/bin/../lib/gcc/arm-none-eabi/12.3.1/../../../../arm-none-eabi/lib/thumb/v7e-m+fp/hard/libc_nano.a(libc_a-strcmp.o)
                0x080001e0                strcmp
 .text          0x080001f4       0x10 /opt/st/stm32cubeide_1.17.0/plugins/com.st.stm32cube.ide.mcu.externaltools.gnu-tools-for-stm32.12.3.rel1.linux64_1.1.0.202410170702/tools/bin/../lib/gcc/arm-none-eabi/12.3.1/../../../../arm-none-eabi/lib/thumb/v7e-m+fp/hard/libc_nano.a(libc_a-strlen.o)
                0x080001f4                strlen
 *fill*         0x08000204        0xc 
 .text          0x08000210       0xa0 /opt/st/stm32cubeide_1.17.0/plugins/com.st.stm32cube.ide.mcu.externaltools.gnu-tools-for-stm32.12.3.rel1.linux64_1.1.0.202410170702/tools/bin/../lib/gcc/arm-none-eabi/12.3.1/../../../../arm-none-eabi/lib/thumb/v7e-m+fp/hard/libc_nano.a(libc_a-memchr.o)
                0x08000210                memchr
 .text          0x080002b0      0x254 /opt/st/stm32cubeide_1.17.0/plugins/com.st.stm32cube.ide.mcu.externaltools.gnu-tools-for-stm32.12.3.rel1.linux64_1.1.0.202410170702/tools/bin/../lib/gcc/arm-none-eabi/12.3.1/thumb/v7e-m+fp/hard/libgcc.a(_arm_muldf3.o)
                0x080002b0                __aeabi_dmul
                0x080002b0                __muldf3
 .text          0x08000504      0x378 /opt/st/stm32cubeide_1.17.0/plugins/com.st.stm32cube.ide.mcu.externaltools.gnu-tools-for-stm32.12.3.rel1.linux64_1.1.0.202410170702/tools/bin/../lib/gcc/arm-none-eabi/12.3.1/thumb/v7e-m+fp/hard/libgcc.a(_arm_addsubdf3.o)
                0x08000504                __aeabi_drsub
                0x0800050c                __aeabi_dsub
                0x0800050c                __subdf3
                0x08000510                __adddf3
                0x08000510                __aeabi_dadd
                0x08000788                __aeabi_ui2d
                0x08000788                __floatunsidf
                0x080007a8                __floatsidf
                0x080007a8                __aeabi_i2d
                0x080007cc                __extendsfdf2
                0x080007cc                __aeabi_f2d
                0x08000810                __aeabi_ul2d
                0x08000810                __floatundidf
                0x08000820                __floatdidf
                0x08000820                __aeabi_l2d
 .text          0x0800087c       0xa0 /opt/st/stm32cubeide_1.17.0/plugins/com.st.stm32cube.ide.mcu.externaltools.gnu-tools-for-stm32.12.3.rel1.linux64_1.1.0.202410170702/tools/bin/../lib/gcc/arm-none-eabi/12.3.1/thumb/v7e-m+fp/hard/libgcc.a(_arm_truncdfsf2.o)
                0x0800087c                __aeabi_d2f
                0x0800087c                __truncdfsf2
 .text          0x0800091c       0xa0 /opt/st/stm32cubeide_1.17.0/plugins/com.st.stm32cube.ide.mcu.externaltools.gnu-tools-for-stm32.12.3.rel1.linux64_1.1.0.202410170702/tools/bin/../lib/gcc/arm-none-eabi/12.3.1/thumb/v7e-m+fp/hard/libgcc.a(_aeabi_ldivmod.o)
                0x0800091c                __aeabi_ldivmod
 .text          0x080009bc       0x30 /opt/st/stm32cubeide_1.17.0/plugins/com.st.stm32cube.ide.mcu.externaltools.gnu-tools-for-stm32.12.3.rel1.linux64_1.1.0.202410170702/tools/bin/../lib/gcc/arm-none-eabi/12.3.1/thumb/v7e-m+fp/hard/libgcc.a(_aeabi_uldivmod.o)
                0x080009bc                __aeabi_uldivmod
 .text          0x080009ec      0x2bc /opt/st/stm32cubeide_1.17.0/plugins/com.st.stm32cube.ide.mcu.externaltools.gnu-tools-for-stm32.12.3.rel1.linux64_1.1.0.202410170702/tools/bin/../lib/gcc/arm-none-eabi/12.3.1/thumb/v7e-m+fp/hard/libgcc.a(_udivmoddi4.o)
                0x080009ec                __udivmoddi4
 .text          0x08000ca8        0x4 /opt/st/stm32cubeide_1.17.0/plugins/com.st.stm32cube.ide.mcu.externaltools.gnu-tools-for-stm32.12.3.rel1.linux64_1.1.0.202410170702/tools/bin/../lib/gcc/arm-none-eabi/12.3.1/thumb/v7e-m+fp/hard/libgcc.a(_dvmd_tls.o)
                0x08000ca8                __aeabi_ldiv0
                0x08000ca8                __aeabi_idiv0
 *(.text*)
 .text.pvPortMallocMicroROS
                0x08000cac      0x190 ./Core/Src/custom_memory_manager.o
                0x08000cac                pvPortMallocMicroROS
 .text.vPortFreeMicroROS
                0x08000e3c       0xb8 ./Core/Src/custom_memory_manager.o
                0x08000e3c                vPortFreeMicroROS
 .text.getBlockSize
                0x08000ef4       0x3c ./Core/Src/custom_memory_manager.o
                0x08000ef4                getBlockSize
 .text.pvPortReallocMicroROS
                0x08000f30       0x5a ./Core/Src/custom_memory_manager.o
                0x08000f30                pvPortReallocMicroROS
 .text.pvPortCallocMicroROS
                0x08000f8a       0x48 ./Core/Src/custom_memory_manager.o
                0x08000f8a                pvPortCallocMicroROS
 *fill*         0x08000fd2        0x2 
 .text.prvHeapInit
                0x08000fd4       0xc4 ./Core/Src/custom_memory_manager.o
 .text.prvInsertBlockIntoFreeList
                0x08001098       0xb4 ./Core/Src/custom_memory_manager.o
 .text.main     0x0800114c       0x64 ./Core/Src/main.o
                0x0800114c                main
 .text.SystemClock_Config
                0x080011b0       0xd8 ./Core/Src/main.o
                0x080011b0                SystemClock_Config
 .text.MX_I2C1_Init
                0x08001288       0x5c ./Core/Src/main.o
 .text.MX_TIM1_Init
                0x080012e4       0xb8 ./Core/Src/main.o
 .text.MX_TIM2_Init
                0x0800139c       0xb0 ./Core/Src/main.o
 .text.MX_TIM3_Init
                0x0800144c       0xb0 ./Core/Src/main.o
 .text.MX_TIM4_Init
                0x080014fc       0xb0 ./Core/Src/main.o
 .text.MX_TIM5_Init
                0x080015ac       0x9c ./Core/Src/main.o
 .text.MX_USART2_UART_Init
                0x08001648       0x54 ./Core/Src/main.o
 .text.MX_DMA_Init
                0x0800169c       0x50 ./Core/Src/main.o
 .text.MX_GPIO_Init
                0x080016ec      0x104 ./Core/Src/main.o
 .text.read_encoder_angular_velocity
                0x080017f0      0x154 ./Core/Src/main.o
                0x080017f0                read_encoder_angular_velocity
 .text.HAL_TIM_PeriodElapsedCallback
                0x08001944       0x7c ./Core/Src/main.o
                0x08001944                HAL_TIM_PeriodElapsedCallback
 .text.Microros
                0x080019c0      0x118 ./Core/Src/main.o
                0x080019c0                Microros
 .text.Error_Handler
                0x08001ad8        0xc ./Core/Src/main.o
                0x08001ad8                Error_Handler
 .text.microros_allocate
                0x08001ae4       0x44 ./Core/Src/microros_allocators.o
                0x08001ae4                microros_allocate
 .text.microros_deallocate
                0x08001b28       0x38 ./Core/Src/microros_allocators.o
                0x08001b28                microros_deallocate
 .text.microros_reallocate
                0x08001b60       0x6c ./Core/Src/microros_allocators.o
                0x08001b60                microros_reallocate
 .text.microros_zero_allocate
                0x08001bcc       0x50 ./Core/Src/microros_allocators.o
                0x08001bcc                microros_zero_allocate
 *fill*         0x08001c1c        0x4 
 .text.UTILS_NanosecondsToTimespec
                0x08001c20       0xa0 ./Core/Src/microros_time.o
                0x08001c20                UTILS_NanosecondsToTimespec
 .text.clock_gettime
                0x08001cc0       0xee ./Core/Src/microros_time.o
                0x08001cc0                clock_gettime
 *fill*         0x08001dae        0x2 
 .text.HAL_MspInit
                0x08001db0       0x58 ./Core/Src/stm32f4xx_hal_msp.o
                0x08001db0                HAL_MspInit
 .text.HAL_I2C_MspInit
                0x08001e08       0x90 ./Core/Src/stm32f4xx_hal_msp.o
                0x08001e08                HAL_I2C_MspInit
 .text.HAL_TIM_Encoder_MspInit
                0x08001e98      0x238 ./Core/Src/stm32f4xx_hal_msp.o
                0x08001e98                HAL_TIM_Encoder_MspInit
 .text.HAL_TIM_Base_MspInit
                0x080020d0       0x50 ./Core/Src/stm32f4xx_hal_msp.o
                0x080020d0                HAL_TIM_Base_MspInit
 .text.HAL_UART_MspInit
                0x08002120      0x170 ./Core/Src/stm32f4xx_hal_msp.o
                0x08002120                HAL_UART_MspInit
 .text.NMI_Handler
                0x08002290        0x8 ./Core/Src/stm32f4xx_it.o
                0x08002290                NMI_Handler
 .text.HardFault_Handler
                0x08002298        0x8 ./Core/Src/stm32f4xx_it.o
                0x08002298                HardFault_Handler
 .text.MemManage_Handler
                0x080022a0        0x8 ./Core/Src/stm32f4xx_it.o
                0x080022a0                MemManage_Handler
 .text.BusFault_Handler
                0x080022a8        0x8 ./Core/Src/stm32f4xx_it.o
                0x080022a8                BusFault_Handler
 .text.UsageFault_Handler
                0x080022b0        0x8 ./Core/Src/stm32f4xx_it.o
                0x080022b0                UsageFault_Handler
 .text.DebugMon_Handler
                0x080022b8        0xe ./Core/Src/stm32f4xx_it.o
                0x080022b8                DebugMon_Handler
 .text.SysTick_Handler
                0x080022c6       0x1a ./Core/Src/stm32f4xx_it.o
                0x080022c6                SysTick_Handler
 .text.DMA1_Stream5_IRQHandler
                0x080022e0       0x14 ./Core/Src/stm32f4xx_it.o
                0x080022e0                DMA1_Stream5_IRQHandler
 .text.DMA1_Stream6_IRQHandler
                0x080022f4       0x14 ./Core/Src/stm32f4xx_it.o
                0x080022f4                DMA1_Stream6_IRQHandler
 .text.TIM1_BRK_TIM9_IRQHandler
                0x08002308       0x14 ./Core/Src/stm32f4xx_it.o
                0x08002308                TIM1_BRK_TIM9_IRQHandler
 .text.TIM1_UP_TIM10_IRQHandler
                0x0800231c       0x14 ./Core/Src/stm32f4xx_it.o
                0x0800231c                TIM1_UP_TIM10_IRQHandler
 .text.TIM1_TRG_COM_TIM11_IRQHandler
                0x08002330       0x14 ./Core/Src/stm32f4xx_it.o
                0x08002330                TIM1_TRG_COM_TIM11_IRQHandler
 .text.TIM1_CC_IRQHandler
                0x08002344       0x14 ./Core/Src/stm32f4xx_it.o
                0x08002344                TIM1_CC_IRQHandler
 .text.TIM2_IRQHandler
                0x08002358       0x14 ./Core/Src/stm32f4xx_it.o
                0x08002358                TIM2_IRQHandler
 .text.TIM3_IRQHandler
                0x0800236c       0x14 ./Core/Src/stm32f4xx_it.o
                0x0800236c                TIM3_IRQHandler
 .text.TIM4_IRQHandler
                0x08002380       0x14 ./Core/Src/stm32f4xx_it.o
                0x08002380                TIM4_IRQHandler
 .text.USART2_IRQHandler
                0x08002394       0x14 ./Core/Src/stm32f4xx_it.o
                0x08002394                USART2_IRQHandler
 .text.TIM5_IRQHandler
                0x080023a8       0x14 ./Core/Src/stm32f4xx_it.o
                0x080023a8                TIM5_IRQHandler
 .text._getpid  0x080023bc       0x10 ./Core/Src/syscalls.o
                0x080023bc                _getpid
 .text._kill    0x080023cc       0x20 ./Core/Src/syscalls.o
                0x080023cc                _kill
 .text._exit    0x080023ec       0x16 ./Core/Src/syscalls.o
                0x080023ec                _exit
 .text._read    0x08002402       0x3a ./Core/Src/syscalls.o
                0x08002402                _read
 .text._write   0x0800243c       0x38 ./Core/Src/syscalls.o
                0x0800243c                _write
 .text._close   0x08002474       0x18 ./Core/Src/syscalls.o
                0x08002474                _close
 .text._fstat   0x0800248c       0x20 ./Core/Src/syscalls.o
                0x0800248c                _fstat
 .text._isatty  0x080024ac       0x16 ./Core/Src/syscalls.o
                0x080024ac                _isatty
 .text._lseek   0x080024c2       0x1a ./Core/Src/syscalls.o
                0x080024c2                _lseek
 .text._sbrk    0x080024dc       0x6c ./Core/Src/sysmem.o
                0x080024dc                _sbrk
 .text.SystemInit
                0x08002548       0x24 ./Core/Src/system_stm32f4xx.o
                0x08002548                SystemInit
 .text.cubemx_transport_open
                0x0800256c       0x2c ./Core/Src/microros_transports/dma_transport.o
                0x0800256c                cubemx_transport_open
 .text.cubemx_transport_close
                0x08002598       0x20 ./Core/Src/microros_transports/dma_transport.o
                0x08002598                cubemx_transport_close
 .text.cubemx_transport_write
                0x080025b8       0x66 ./Core/Src/microros_transports/dma_transport.o
                0x080025b8                cubemx_transport_write
 *fill*         0x0800261e        0x2 
 .text.cubemx_transport_read
                0x08002620       0xa8 ./Core/Src/microros_transports/dma_transport.o
                0x08002620                cubemx_transport_read
 .text.Reset_Handler
                0x080026c8       0x50 ./Core/Startup/startup_stm32f401retx.o
                0x080026c8                Reset_Handler
 .text.Default_Handler
                0x08002718        0x2 ./Core/Startup/startup_stm32f401retx.o
                0x08002718                RTC_Alarm_IRQHandler
                0x08002718                EXTI2_IRQHandler
                0x08002718                SPI4_IRQHandler
                0x08002718                DMA2_Stream5_IRQHandler
                0x08002718                PVD_IRQHandler
                0x08002718                SDIO_IRQHandler
                0x08002718                TAMP_STAMP_IRQHandler
                0x08002718                EXTI3_IRQHandler
                0x08002718                I2C3_ER_IRQHandler
                0x08002718                EXTI0_IRQHandler
                0x08002718                I2C2_EV_IRQHandler
                0x08002718                DMA1_Stream2_IRQHandler
                0x08002718                FPU_IRQHandler
                0x08002718                DMA2_Stream2_IRQHandler
                0x08002718                SPI1_IRQHandler
                0x08002718                DMA2_Stream3_IRQHandler
                0x08002718                USART6_IRQHandler
                0x08002718                DMA2_Stream0_IRQHandler
                0x08002718                I2C1_EV_IRQHandler
                0x08002718                DMA1_Stream1_IRQHandler
                0x08002718                RCC_IRQHandler
                0x08002718                Default_Handler
                0x08002718                EXTI15_10_IRQHandler
                0x08002718                ADC_IRQHandler
                0x08002718                DMA1_Stream7_IRQHandler
                0x08002718                DMA2_Stream7_IRQHandler
                0x08002718                I2C3_EV_IRQHandler
                0x08002718                EXTI9_5_IRQHandler
                0x08002718                RTC_WKUP_IRQHandler
                0x08002718                SPI2_IRQHandler
                0x08002718                DMA1_Stream0_IRQHandler
                0x08002718                EXTI4_IRQHandler
                0x08002718                WWDG_IRQHandler
                0x08002718                OTG_FS_WKUP_IRQHandler
                0x08002718                EXTI1_IRQHandler
                0x08002718                I2C2_ER_IRQHandler
                0x08002718                DMA2_Stream1_IRQHandler
                0x08002718                FLASH_IRQHandler
                0x08002718                DMA2_Stream4_IRQHandler
                0x08002718                USART1_IRQHandler
                0x08002718                OTG_FS_IRQHandler
                0x08002718                SPI3_IRQHandler
                0x08002718                DMA1_Stream4_IRQHandler
                0x08002718                I2C1_ER_IRQHandler
                0x08002718                DMA2_Stream6_IRQHandler
                0x08002718                DMA1_Stream3_IRQHandler
 *fill*         0x0800271a        0x2 
 .text.HAL_Init
                0x0800271c       0x44 ./Drivers/STM32F4xx_HAL_Driver/Src/stm32f4xx_hal.o
                0x0800271c                HAL_Init
 .text.HAL_InitTick
                0x08002760       0x60 ./Drivers/STM32F4xx_HAL_Driver/Src/stm32f4xx_hal.o
                0x08002760                HAL_InitTick
 .text.HAL_IncTick
                0x080027c0       0x28 ./Drivers/STM32F4xx_HAL_Driver/Src/stm32f4xx_hal.o
                0x080027c0                HAL_IncTick
 .text.HAL_GetTick
                0x080027e8       0x18 ./Drivers/STM32F4xx_HAL_Driver/Src/stm32f4xx_hal.o
                0x080027e8                HAL_GetTick
 .text.__NVIC_SetPriorityGrouping
                0x08002800       0x48 ./Drivers/STM32F4xx_HAL_Driver/Src/stm32f4xx_hal_cortex.o
 .text.__NVIC_GetPriorityGrouping
                0x08002848       0x1c ./Drivers/STM32F4xx_HAL_Driver/Src/stm32f4xx_hal_cortex.o
 .text.__NVIC_EnableIRQ
                0x08002864       0x3c ./Drivers/STM32F4xx_HAL_Driver/Src/stm32f4xx_hal_cortex.o
 .text.__NVIC_SetPriority
                0x080028a0       0x54 ./Drivers/STM32F4xx_HAL_Driver/Src/stm32f4xx_hal_cortex.o
 .text.NVIC_EncodePriority
                0x080028f4       0x66 ./Drivers/STM32F4xx_HAL_Driver/Src/stm32f4xx_hal_cortex.o
 *fill*         0x0800295a        0x2 
 .text.SysTick_Config
                0x0800295c       0x44 ./Drivers/STM32F4xx_HAL_Driver/Src/stm32f4xx_hal_cortex.o
 .text.HAL_NVIC_SetPriorityGrouping
                0x080029a0       0x16 ./Drivers/STM32F4xx_HAL_Driver/Src/stm32f4xx_hal_cortex.o
                0x080029a0                HAL_NVIC_SetPriorityGrouping
 .text.HAL_NVIC_SetPriority
                0x080029b6       0x38 ./Drivers/STM32F4xx_HAL_Driver/Src/stm32f4xx_hal_cortex.o
                0x080029b6                HAL_NVIC_SetPriority
 .text.HAL_NVIC_EnableIRQ
                0x080029ee       0x1c ./Drivers/STM32F4xx_HAL_Driver/Src/stm32f4xx_hal_cortex.o
                0x080029ee                HAL_NVIC_EnableIRQ
 .text.HAL_SYSTICK_Config
                0x08002a0a       0x18 ./Drivers/STM32F4xx_HAL_Driver/Src/stm32f4xx_hal_cortex.o
                0x08002a0a                HAL_SYSTICK_Config
 *fill*         0x08002a22        0x2 
 .text.HAL_DMA_Init
                0x08002a24      0x15c ./Drivers/STM32F4xx_HAL_Driver/Src/stm32f4xx_hal_dma.o
                0x08002a24                HAL_DMA_Init
 .text.HAL_DMA_Start_IT
                0x08002b80       0xb0 ./Drivers/STM32F4xx_HAL_Driver/Src/stm32f4xx_hal_dma.o
                0x08002b80                HAL_DMA_Start_IT
 .text.HAL_DMA_Abort
                0x08002c30       0xe0 ./Drivers/STM32F4xx_HAL_Driver/Src/stm32f4xx_hal_dma.o
                0x08002c30                HAL_DMA_Abort
 .text.HAL_DMA_Abort_IT
                0x08002d10       0x44 ./Drivers/STM32F4xx_HAL_Driver/Src/stm32f4xx_hal_dma.o
                0x08002d10                HAL_DMA_Abort_IT
 .text.HAL_DMA_IRQHandler
                0x08002d54      0x314 ./Drivers/STM32F4xx_HAL_Driver/Src/stm32f4xx_hal_dma.o
                0x08002d54                HAL_DMA_IRQHandler
 .text.DMA_SetConfig
                0x08003068       0x5c ./Drivers/STM32F4xx_HAL_Driver/Src/stm32f4xx_hal_dma.o
 .text.DMA_CalcBaseAndBitshift
                0x080030c4       0x6c ./Drivers/STM32F4xx_HAL_Driver/Src/stm32f4xx_hal_dma.o
 .text.DMA_CheckFifoParam
                0x08003130       0xf8 ./Drivers/STM32F4xx_HAL_Driver/Src/stm32f4xx_hal_dma.o
 .text.HAL_GPIO_Init
                0x08003228      0x308 ./Drivers/STM32F4xx_HAL_Driver/Src/stm32f4xx_hal_gpio.o
                0x08003228                HAL_GPIO_Init
 .text.HAL_GPIO_WritePin
                0x08003530       0x32 ./Drivers/STM32F4xx_HAL_Driver/Src/stm32f4xx_hal_gpio.o
                0x08003530                HAL_GPIO_WritePin
 *fill*         0x08003562        0x2 
 .text.HAL_I2C_Init
                0x08003564      0x288 ./Drivers/STM32F4xx_HAL_Driver/Src/stm32f4xx_hal_i2c.o
                0x08003564                HAL_I2C_Init
 .text.HAL_RCC_OscConfig
                0x080037ec      0x4f0 ./Drivers/STM32F4xx_HAL_Driver/Src/stm32f4xx_hal_rcc.o
                0x080037ec                HAL_RCC_OscConfig
 .text.HAL_RCC_ClockConfig
                0x08003cdc      0x1cc ./Drivers/STM32F4xx_HAL_Driver/Src/stm32f4xx_hal_rcc.o
                0x08003cdc                HAL_RCC_ClockConfig
 .text.HAL_RCC_GetSysClockFreq
                0x08003ea8      0x20c ./Drivers/STM32F4xx_HAL_Driver/Src/stm32f4xx_hal_rcc.o
                0x08003ea8                HAL_RCC_GetSysClockFreq
 .text.HAL_RCC_GetHCLKFreq
                0x080040b4       0x18 ./Drivers/STM32F4xx_HAL_Driver/Src/stm32f4xx_hal_rcc.o
                0x080040b4                HAL_RCC_GetHCLKFreq
 .text.HAL_RCC_GetPCLK1Freq
                0x080040cc       0x28 ./Drivers/STM32F4xx_HAL_Driver/Src/stm32f4xx_hal_rcc.o
                0x080040cc                HAL_RCC_GetPCLK1Freq
 .text.HAL_RCC_GetPCLK2Freq
                0x080040f4       0x28 ./Drivers/STM32F4xx_HAL_Driver/Src/stm32f4xx_hal_rcc.o
                0x080040f4                HAL_RCC_GetPCLK2Freq
 .text.HAL_TIM_Base_Init
                0x0800411c       0x9e ./Drivers/STM32F4xx_HAL_Driver/Src/stm32f4xx_hal_tim.o
                0x0800411c                HAL_TIM_Base_Init
 *fill*         0x080041ba        0x2 
 .text.HAL_TIM_Base_Start_IT
                0x080041bc       0xc4 ./Drivers/STM32F4xx_HAL_Driver/Src/stm32f4xx_hal_tim.o
                0x080041bc                HAL_TIM_Base_Start_IT
 .text.HAL_TIM_Encoder_Init
                0x08004280      0x14c ./Drivers/STM32F4xx_HAL_Driver/Src/stm32f4xx_hal_tim.o
                0x08004280                HAL_TIM_Encoder_Init
 .text.HAL_TIM_Encoder_Start
                0x080043cc      0x11c ./Drivers/STM32F4xx_HAL_Driver/Src/stm32f4xx_hal_tim.o
                0x080043cc                HAL_TIM_Encoder_Start
 .text.HAL_TIM_IRQHandler
                0x080044e8      0x1e0 ./Drivers/STM32F4xx_HAL_Driver/Src/stm32f4xx_hal_tim.o
                0x080044e8                HAL_TIM_IRQHandler
 .text.HAL_TIM_ConfigClockSource
                0x080046c8      0x18e ./Drivers/STM32F4xx_HAL_Driver/Src/stm32f4xx_hal_tim.o
                0x080046c8                HAL_TIM_ConfigClockSource
 .text.HAL_TIM_OC_DelayElapsedCallback
                0x08004856       0x14 ./Drivers/STM32F4xx_HAL_Driver/Src/stm32f4xx_hal_tim.o
                0x08004856                HAL_TIM_OC_DelayElapsedCallback
 .text.HAL_TIM_IC_CaptureCallback
                0x0800486a       0x14 ./Drivers/STM32F4xx_HAL_Driver/Src/stm32f4xx_hal_tim.o
                0x0800486a                HAL_TIM_IC_CaptureCallback
 .text.HAL_TIM_PWM_PulseFinishedCallback
                0x0800487e       0x14 ./Drivers/STM32F4xx_HAL_Driver/Src/stm32f4xx_hal_tim.o
                0x0800487e                HAL_TIM_PWM_PulseFinishedCallback
 .text.HAL_TIM_TriggerCallback
                0x08004892       0x14 ./Drivers/STM32F4xx_HAL_Driver/Src/stm32f4xx_hal_tim.o
                0x08004892                HAL_TIM_TriggerCallback
 *fill*         0x080048a6        0x2 
 .text.TIM_Base_SetConfig
                0x080048a8      0x118 ./Drivers/STM32F4xx_HAL_Driver/Src/stm32f4xx_hal_tim.o
                0x080048a8                TIM_Base_SetConfig
 .text.TIM_TI1_ConfigInputStage
                0x080049c0       0x5e ./Drivers/STM32F4xx_HAL_Driver/Src/stm32f4xx_hal_tim.o
 .text.TIM_TI2_ConfigInputStage
                0x08004a1e       0x60 ./Drivers/STM32F4xx_HAL_Driver/Src/stm32f4xx_hal_tim.o
 .text.TIM_ITRx_SetConfig
                0x08004a7e       0x36 ./Drivers/STM32F4xx_HAL_Driver/Src/stm32f4xx_hal_tim.o
 .text.TIM_ETR_SetConfig
                0x08004ab4       0x40 ./Drivers/STM32F4xx_HAL_Driver/Src/stm32f4xx_hal_tim.o
                0x08004ab4                TIM_ETR_SetConfig
 .text.TIM_CCxChannelCmd
                0x08004af4       0x4a ./Drivers/STM32F4xx_HAL_Driver/Src/stm32f4xx_hal_tim.o
                0x08004af4                TIM_CCxChannelCmd
 *fill*         0x08004b3e        0x2 
 .text.HAL_TIMEx_MasterConfigSynchronization
                0x08004b40       0xdc ./Drivers/STM32F4xx_HAL_Driver/Src/stm32f4xx_hal_tim_ex.o
                0x08004b40                HAL_TIMEx_MasterConfigSynchronization
 .text.HAL_TIMEx_CommutCallback
                0x08004c1c       0x14 ./Drivers/STM32F4xx_HAL_Driver/Src/stm32f4xx_hal_tim_ex.o
                0x08004c1c                HAL_TIMEx_CommutCallback
 .text.HAL_TIMEx_BreakCallback
                0x08004c30       0x14 ./Drivers/STM32F4xx_HAL_Driver/Src/stm32f4xx_hal_tim_ex.o
                0x08004c30                HAL_TIMEx_BreakCallback
 .text.HAL_UART_Init
                0x08004c44       0xa0 ./Drivers/STM32F4xx_HAL_Driver/Src/stm32f4xx_hal_uart.o
                0x08004c44                HAL_UART_Init
 .text.HAL_UART_Transmit_DMA
                0x08004ce4       0xe0 ./Drivers/STM32F4xx_HAL_Driver/Src/stm32f4xx_hal_uart.o
                0x08004ce4                HAL_UART_Transmit_DMA
 .text.HAL_UART_Receive_DMA
                0x08004dc4       0x4a ./Drivers/STM32F4xx_HAL_Driver/Src/stm32f4xx_hal_uart.o
                0x08004dc4                HAL_UART_Receive_DMA
 .text.HAL_UART_DMAStop
                0x08004e0e       0xfe ./Drivers/STM32F4xx_HAL_Driver/Src/stm32f4xx_hal_uart.o
                0x08004e0e                HAL_UART_DMAStop
 .text.HAL_UART_IRQHandler
                0x08004f0c      0x524 ./Drivers/STM32F4xx_HAL_Driver/Src/stm32f4xx_hal_uart.o
                0x08004f0c                HAL_UART_IRQHandler
 .text.HAL_UART_TxCpltCallback
                0x08005430       0x14 ./Drivers/STM32F4xx_HAL_Driver/Src/stm32f4xx_hal_uart.o
                0x08005430                HAL_UART_TxCpltCallback
 .text.HAL_UART_TxHalfCpltCallback
                0x08005444       0x14 ./Drivers/STM32F4xx_HAL_Driver/Src/stm32f4xx_hal_uart.o
                0x08005444                HAL_UART_TxHalfCpltCallback
 .text.HAL_UART_RxCpltCallback
                0x08005458       0x14 ./Drivers/STM32F4xx_HAL_Driver/Src/stm32f4xx_hal_uart.o
                0x08005458                HAL_UART_RxCpltCallback
 .text.HAL_UART_RxHalfCpltCallback
                0x0800546c       0x14 ./Drivers/STM32F4xx_HAL_Driver/Src/stm32f4xx_hal_uart.o
                0x0800546c                HAL_UART_RxHalfCpltCallback
 .text.HAL_UART_ErrorCallback
                0x08005480       0x14 ./Drivers/STM32F4xx_HAL_Driver/Src/stm32f4xx_hal_uart.o
                0x08005480                HAL_UART_ErrorCallback
 .text.HAL_UARTEx_RxEventCallback
                0x08005494       0x18 ./Drivers/STM32F4xx_HAL_Driver/Src/stm32f4xx_hal_uart.o
                0x08005494                HAL_UARTEx_RxEventCallback
 .text.UART_DMATransmitCplt
                0x080054ac       0x9a ./Drivers/STM32F4xx_HAL_Driver/Src/stm32f4xx_hal_uart.o
 .text.UART_DMATxHalfCplt
                0x08005546       0x1c ./Drivers/STM32F4xx_HAL_Driver/Src/stm32f4xx_hal_uart.o
 .text.UART_DMAReceiveCplt
                0x08005562      0x12c ./Drivers/STM32F4xx_HAL_Driver/Src/stm32f4xx_hal_uart.o
 .text.UART_DMARxHalfCplt
                0x0800568e       0x3c ./Drivers/STM32F4xx_HAL_Driver/Src/stm32f4xx_hal_uart.o
 .text.UART_DMAError
                0x080056ca       0x94 ./Drivers/STM32F4xx_HAL_Driver/Src/stm32f4xx_hal_uart.o
 *fill*         0x0800575e        0x2 
 .text.UART_Start_Receive_DMA
                0x08005760      0x134 ./Drivers/STM32F4xx_HAL_Driver/Src/stm32f4xx_hal_uart.o
                0x08005760                UART_Start_Receive_DMA
 .text.UART_EndTxTransfer
                0x08005894       0x50 ./Drivers/STM32F4xx_HAL_Driver/Src/stm32f4xx_hal_uart.o
 .text.UART_EndRxTransfer
                0x080058e4       0xc6 ./Drivers/STM32F4xx_HAL_Driver/Src/stm32f4xx_hal_uart.o
 .text.UART_DMAAbortOnError
                0x080059aa       0x28 ./Drivers/STM32F4xx_HAL_Driver/Src/stm32f4xx_hal_uart.o
 .text.UART_Transmit_IT
                0x080059d2       0xa0 ./Drivers/STM32F4xx_HAL_Driver/Src/stm32f4xx_hal_uart.o
 .text.UART_EndTransmit_IT
                0x08005a72       0x30 ./Drivers/STM32F4xx_HAL_Driver/Src/stm32f4xx_hal_uart.o
 .text.UART_Receive_IT
                0x08005aa2      0x17c ./Drivers/STM32F4xx_HAL_Driver/Src/stm32f4xx_hal_uart.o
 *fill*         0x08005c1e        0x2 
 .text.UART_SetConfig
                0x08005c20      0x4e8 ./Drivers/STM32F4xx_HAL_Driver/Src/stm32f4xx_hal_uart.o
 .text.__NVIC_SetPriority
                0x08006108       0x54 ./Middlewares/Third_Party/FreeRTOS/Source/CMSIS_RTOS_V2/cmsis_os2.o
 .text.SVC_Setup
                0x0800615c       0x12 ./Middlewares/Third_Party/FreeRTOS/Source/CMSIS_RTOS_V2/cmsis_os2.o
 *fill*         0x0800616e        0x2 
 .text.osKernelInitialize
                0x08006170       0x48 ./Middlewares/Third_Party/FreeRTOS/Source/CMSIS_RTOS_V2/cmsis_os2.o
                0x08006170                osKernelInitialize
 .text.osKernelStart
                0x080061b8       0x4c ./Middlewares/Third_Party/FreeRTOS/Source/CMSIS_RTOS_V2/cmsis_os2.o
                0x080061b8                osKernelStart
 .text.osThreadNew
                0x08006204      0x124 ./Middlewares/Third_Party/FreeRTOS/Source/CMSIS_RTOS_V2/cmsis_os2.o
                0x08006204                osThreadNew
 .text.osDelay  0x08006328       0x36 ./Middlewares/Third_Party/FreeRTOS/Source/CMSIS_RTOS_V2/cmsis_os2.o
                0x08006328                osDelay
 *fill*         0x0800635e        0x2 
 .text.vApplicationGetIdleTaskMemory
                0x08006360       0x34 ./Middlewares/Third_Party/FreeRTOS/Source/CMSIS_RTOS_V2/cmsis_os2.o
                0x08006360                vApplicationGetIdleTaskMemory
 .text.vApplicationGetTimerTaskMemory
                0x08006394       0x34 ./Middlewares/Third_Party/FreeRTOS/Source/CMSIS_RTOS_V2/cmsis_os2.o
                0x08006394                vApplicationGetTimerTaskMemory
 .text.vListInitialise
                0x080063c8       0x40 ./Middlewares/Third_Party/FreeRTOS/Source/list.o
                0x080063c8                vListInitialise
 .text.vListInitialiseItem
                0x08006408       0x1a ./Middlewares/Third_Party/FreeRTOS/Source/list.o
                0x08006408                vListInitialiseItem
 .text.vListInsertEnd
                0x08006422       0x48 ./Middlewares/Third_Party/FreeRTOS/Source/list.o
                0x08006422                vListInsertEnd
 .text.vListInsert
                0x0800646a       0x72 ./Middlewares/Third_Party/FreeRTOS/Source/list.o
                0x0800646a                vListInsert
 .text.uxListRemove
                0x080064dc       0x54 ./Middlewares/Third_Party/FreeRTOS/Source/list.o
                0x080064dc                uxListRemove
 .text.xQueueGenericReset
                0x08006530       0xd4 ./Middlewares/Third_Party/FreeRTOS/Source/queue.o
                0x08006530                xQueueGenericReset
 .text.xQueueGenericCreateStatic
                0x08006604       0xfa ./Middlewares/Third_Party/FreeRTOS/Source/queue.o
                0x08006604                xQueueGenericCreateStatic
 .text.prvInitialiseNewQueue
                0x080066fe       0x46 ./Middlewares/Third_Party/FreeRTOS/Source/queue.o
 .text.xQueueGenericSend
                0x08006744      0x204 ./Middlewares/Third_Party/FreeRTOS/Source/queue.o
                0x08006744                xQueueGenericSend
 .text.xQueueGenericSendFromISR
                0x08006948      0x13c ./Middlewares/Third_Party/FreeRTOS/Source/queue.o
                0x08006948                xQueueGenericSendFromISR
 .text.xQueueReceive
                0x08006a84      0x1c4 ./Middlewares/Third_Party/FreeRTOS/Source/queue.o
                0x08006a84                xQueueReceive
 .text.prvCopyDataToQueue
                0x08006c48       0xd4 ./Middlewares/Third_Party/FreeRTOS/Source/queue.o
 .text.prvCopyDataFromQueue
                0x08006d1c       0x4c ./Middlewares/Third_Party/FreeRTOS/Source/queue.o
 .text.prvUnlockQueue
                0x08006d68       0xa4 ./Middlewares/Third_Party/FreeRTOS/Source/queue.o
 .text.prvIsQueueEmpty
                0x08006e0c       0x2c ./Middlewares/Third_Party/FreeRTOS/Source/queue.o
 .text.prvIsQueueFull
                0x08006e38       0x30 ./Middlewares/Third_Party/FreeRTOS/Source/queue.o
 .text.vQueueAddToRegistry
                0x08006e68       0x54 ./Middlewares/Third_Party/FreeRTOS/Source/queue.o
                0x08006e68                vQueueAddToRegistry
 .text.vQueueWaitForMessageRestricted
                0x08006ebc       0x68 ./Middlewares/Third_Party/FreeRTOS/Source/queue.o
                0x08006ebc                vQueueWaitForMessageRestricted
 .text.xTaskCreateStatic
                0x08006f24       0xc0 ./Middlewares/Third_Party/FreeRTOS/Source/tasks.o
                0x08006f24                xTaskCreateStatic
 .text.xTaskCreate
                0x08006fe4       0x8a ./Middlewares/Third_Party/FreeRTOS/Source/tasks.o
                0x08006fe4                xTaskCreate
 .text.prvInitialiseNewTask
                0x0800706e      0x120 ./Middlewares/Third_Party/FreeRTOS/Source/tasks.o
 *fill*         0x0800718e        0x2 
 .text.prvAddNewTaskToReadyList
                0x08007190       0xe0 ./Middlewares/Third_Party/FreeRTOS/Source/tasks.o
 .text.vTaskDelay
                0x08007270       0x6c ./Middlewares/Third_Party/FreeRTOS/Source/tasks.o
                0x08007270                vTaskDelay
 .text.vTaskStartScheduler
                0x080072dc       0xd0 ./Middlewares/Third_Party/FreeRTOS/Source/tasks.o
                0x080072dc                vTaskStartScheduler
 .text.vTaskSuspendAll
                0x080073ac       0x1c ./Middlewares/Third_Party/FreeRTOS/Source/tasks.o
                0x080073ac                vTaskSuspendAll
 .text.xTaskResumeAll
                0x080073c8      0x13c ./Middlewares/Third_Party/FreeRTOS/Source/tasks.o
                0x080073c8                xTaskResumeAll
 .text.xTaskGetTickCount
                0x08007504       0x20 ./Middlewares/Third_Party/FreeRTOS/Source/tasks.o
                0x08007504                xTaskGetTickCount
 .text.xTaskIncrementTick
                0x08007524      0x174 ./Middlewares/Third_Party/FreeRTOS/Source/tasks.o
                0x08007524                xTaskIncrementTick
 .text.vTaskSwitchContext
                0x08007698       0xbc ./Middlewares/Third_Party/FreeRTOS/Source/tasks.o
                0x08007698                vTaskSwitchContext
 .text.vTaskPlaceOnEventList
                0x08007754       0x4c ./Middlewares/Third_Party/FreeRTOS/Source/tasks.o
                0x08007754                vTaskPlaceOnEventList
 .text.vTaskPlaceOnEventListRestricted
                0x080077a0       0x58 ./Middlewares/Third_Party/FreeRTOS/Source/tasks.o
                0x080077a0                vTaskPlaceOnEventListRestricted
 .text.xTaskRemoveFromEventList
                0x080077f8       0xc8 ./Middlewares/Third_Party/FreeRTOS/Source/tasks.o
                0x080077f8                xTaskRemoveFromEventList
 .text.vTaskSetTimeOutState
                0x080078c0       0x50 ./Middlewares/Third_Party/FreeRTOS/Source/tasks.o
                0x080078c0                vTaskSetTimeOutState
 .text.vTaskInternalSetTimeOutState
                0x08007910       0x2c ./Middlewares/Third_Party/FreeRTOS/Source/tasks.o
                0x08007910                vTaskInternalSetTimeOutState
 .text.xTaskCheckForTimeOut
                0x0800793c       0xc8 ./Middlewares/Third_Party/FreeRTOS/Source/tasks.o
                0x0800793c                xTaskCheckForTimeOut
 .text.vTaskMissedYield
                0x08007a04       0x18 ./Middlewares/Third_Party/FreeRTOS/Source/tasks.o
                0x08007a04                vTaskMissedYield
 .text.prvIdleTask
                0x08007a1c       0x30 ./Middlewares/Third_Party/FreeRTOS/Source/tasks.o
 .text.prvInitialiseTaskLists
                0x08007a4c       0x80 ./Middlewares/Third_Party/FreeRTOS/Source/tasks.o
 .text.prvCheckTasksWaitingTermination
                0x08007acc       0x5c ./Middlewares/Third_Party/FreeRTOS/Source/tasks.o
 .text.prvDeleteTCB
                0x08007b28       0x60 ./Middlewares/Third_Party/FreeRTOS/Source/tasks.o
 .text.prvResetNextTaskUnblockTime
                0x08007b88       0x40 ./Middlewares/Third_Party/FreeRTOS/Source/tasks.o
 .text.xTaskGetSchedulerState
                0x08007bc8       0x3c ./Middlewares/Third_Party/FreeRTOS/Source/tasks.o
                0x08007bc8                xTaskGetSchedulerState
 .text.xTaskPriorityDisinherit
                0x08007c04       0xe0 ./Middlewares/Third_Party/FreeRTOS/Source/tasks.o
                0x08007c04                xTaskPriorityDisinherit
 .text.prvAddCurrentTaskToDelayedList
                0x08007ce4       0xa8 ./Middlewares/Third_Party/FreeRTOS/Source/tasks.o
 .text.xTimerCreateTimerTask
                0x08007d8c       0x94 ./Middlewares/Third_Party/FreeRTOS/Source/timers.o
                0x08007d8c                xTimerCreateTimerTask
 .text.xTimerGenericCommand
                0x08007e20       0x9c ./Middlewares/Third_Party/FreeRTOS/Source/timers.o
                0x08007e20                xTimerGenericCommand
 .text.prvProcessExpiredTimer
                0x08007ebc       0x9c ./Middlewares/Third_Party/FreeRTOS/Source/timers.o
 .text.prvTimerTask
                0x08007f58       0x26 ./Middlewares/Third_Party/FreeRTOS/Source/timers.o
 *fill*         0x08007f7e        0x2 
 .text.prvProcessTimerOrBlockTask
                0x08007f80       0x9c ./Middlewares/Third_Party/FreeRTOS/Source/timers.o
 .text.prvGetNextExpireTime
                0x0800801c       0x48 ./Middlewares/Third_Party/FreeRTOS/Source/timers.o
 .text.prvSampleTimeNow
                0x08008064       0x40 ./Middlewares/Third_Party/FreeRTOS/Source/timers.o
 .text.prvInsertTimerInActiveList
                0x080080a4       0x84 ./Middlewares/Third_Party/FreeRTOS/Source/timers.o
 .text.prvProcessReceivedCommands
                0x08008128      0x1cc ./Middlewares/Third_Party/FreeRTOS/Source/timers.o
 .text.prvSwitchTimerLists
                0x080082f4       0xcc ./Middlewares/Third_Party/FreeRTOS/Source/timers.o
 .text.prvCheckForValidListAndQueue
                0x080083c0       0x80 ./Middlewares/Third_Party/FreeRTOS/Source/timers.o
 .text.pxPortInitialiseStack
                0x08008440       0x68 ./Middlewares/Third_Party/FreeRTOS/Source/portable/GCC/ARM_CM4F/port.o
                0x08008440                pxPortInitialiseStack
 .text.prvTaskExitError
                0x080084a8       0x5c ./Middlewares/Third_Party/FreeRTOS/Source/portable/GCC/ARM_CM4F/port.o
 *fill*         0x08008504        0xc 
 .text.SVC_Handler
                0x08008510       0x28 ./Middlewares/Third_Party/FreeRTOS/Source/portable/GCC/ARM_CM4F/port.o
                0x08008510                SVC_Handler
 .text.prvPortStartFirstTask
                0x08008538       0x28 ./Middlewares/Third_Party/FreeRTOS/Source/portable/GCC/ARM_CM4F/port.o
 .text.xPortStartScheduler
                0x08008560      0x148 ./Middlewares/Third_Party/FreeRTOS/Source/portable/GCC/ARM_CM4F/port.o
                0x08008560                xPortStartScheduler
 .text.vPortEnterCritical
                0x080086a8       0x64 ./Middlewares/Third_Party/FreeRTOS/Source/portable/GCC/ARM_CM4F/port.o
                0x080086a8                vPortEnterCritical
 .text.vPortExitCritical
                0x0800870c       0x54 ./Middlewares/Third_Party/FreeRTOS/Source/portable/GCC/ARM_CM4F/port.o
                0x0800870c                vPortExitCritical
 .text.PendSV_Handler
                0x08008760       0x68 ./Middlewares/Third_Party/FreeRTOS/Source/portable/GCC/ARM_CM4F/port.o
                0x08008760                PendSV_Handler
 .text.xPortSysTickHandler
                0x080087c8       0x44 ./Middlewares/Third_Party/FreeRTOS/Source/portable/GCC/ARM_CM4F/port.o
                0x080087c8                xPortSysTickHandler
 .text.vPortSetupTimerInterrupt
                0x0800880c       0x48 ./Middlewares/Third_Party/FreeRTOS/Source/portable/GCC/ARM_CM4F/port.o
                0x0800880c                vPortSetupTimerInterrupt
 .text.vPortEnableVFP
                0x08008854       0x14 ./Middlewares/Third_Party/FreeRTOS/Source/portable/GCC/ARM_CM4F/port.o
 .text.vPortValidateInterruptPriority
                0x08008868       0x84 ./Middlewares/Third_Party/FreeRTOS/Source/portable/GCC/ARM_CM4F/port.o
                0x08008868                vPortValidateInterruptPriority
 .text.pvPortMalloc
                0x080088ec      0x19c ./Middlewares/Third_Party/FreeRTOS/Source/portable/MemMang/heap_4.o
                0x080088ec                pvPortMalloc
 .text.vPortFree
                0x08008a88       0xc8 ./Middlewares/Third_Party/FreeRTOS/Source/portable/MemMang/heap_4.o
                0x08008a88                vPortFree
 .text.prvHeapInit
                0x08008b50       0xc4 ./Middlewares/Third_Party/FreeRTOS/Source/portable/MemMang/heap_4.o
 .text.prvInsertBlockIntoFreeList
                0x08008c14       0xb4 ./Middlewares/Third_Party/FreeRTOS/Source/portable/MemMang/heap_4.o
 .text.rcl_get_zero_initialized_publisher
                0x08008cc8        0xc ../micro_ros_stm32cubemx_utils/microros_static_library_ide/libmicroros/libmicroros.a(librcl-publisher.c.obj)
                0x08008cc8                rcl_get_zero_initialized_publisher
 .text.rcl_publisher_init
                0x08008cd4      0x12c ../micro_ros_stm32cubemx_utils/microros_static_library_ide/libmicroros/libmicroros.a(librcl-publisher.c.obj)
                0x08008cd4                rcl_publisher_init
 .text.rcl_publisher_get_default_options
                0x08008e00       0x5c ../micro_ros_stm32cubemx_utils/microros_static_library_ide/libmicroros/libmicroros.a(librcl-publisher.c.obj)
                0x08008e00                rcl_publisher_get_default_options
 .text.rcl_publish
                0x08008e5c       0x48 ../micro_ros_stm32cubemx_utils/microros_static_library_ide/libmicroros/libmicroros.a(librcl-publisher.c.obj)
                0x08008e5c                rcl_publish
 .text.rclc_support_init
                0x08008ea4       0x94 ../micro_ros_stm32cubemx_utils/microros_static_library_ide/libmicroros/libmicroros.a(librclc-init.c.obj)
                0x08008ea4                rclc_support_init
 .text.rclc_node_init_default
                0x08008f38       0x78 ../micro_ros_stm32cubemx_utils/microros_static_library_ide/libmicroros/libmicroros.a(librclc-node.c.obj)
                0x08008f38                rclc_node_init_default
 .text.rclc_publisher_init_default
                0x08008fb0       0x68 ../micro_ros_stm32cubemx_utils/microros_static_library_ide/libmicroros/libmicroros.a(librclc-publisher.c.obj)
                0x08008fb0                rclc_publisher_init_default
 .text.__default_zero_allocate
                0x08009018        0x4 ../micro_ros_stm32cubemx_utils/microros_static_library_ide/libmicroros/libmicroros.a(librcutils-allocator.c.obj)
 .text.__default_reallocate
                0x0800901c        0x4 ../micro_ros_stm32cubemx_utils/microros_static_library_ide/libmicroros/libmicroros.a(librcutils-allocator.c.obj)
 .text.__default_deallocate
                0x08009020        0x4 ../micro_ros_stm32cubemx_utils/microros_static_library_ide/libmicroros/libmicroros.a(librcutils-allocator.c.obj)
 .text.__default_allocate
                0x08009024        0x4 ../micro_ros_stm32cubemx_utils/microros_static_library_ide/libmicroros/libmicroros.a(librcutils-allocator.c.obj)
 .text.rcutils_get_zero_initialized_allocator
                0x08009028       0x1c ../micro_ros_stm32cubemx_utils/microros_static_library_ide/libmicroros/libmicroros.a(librcutils-allocator.c.obj)
                0x08009028                rcutils_get_zero_initialized_allocator
 .text.rcutils_get_default_allocator
                0x08009044       0x1c ../micro_ros_stm32cubemx_utils/microros_static_library_ide/libmicroros/libmicroros.a(librcutils-allocator.c.obj)
                0x08009044                rcutils_get_default_allocator
 .text.rcutils_allocator_is_valid
                0x08009060       0x1c ../micro_ros_stm32cubemx_utils/microros_static_library_ide/libmicroros/libmicroros.a(librcutils-allocator.c.obj)
                0x08009060                rcutils_allocator_is_valid
 .text.rcutils_get_error_string
                0x0800907c       0x2c ../micro_ros_stm32cubemx_utils/microros_static_library_ide/libmicroros/libmicroros.a(librcutils-error_handling.c.obj)
                0x0800907c                rcutils_get_error_string
 .text.rcutils_reset_error
                0x080090a8       0x38 ../micro_ros_stm32cubemx_utils/microros_static_library_ide/libmicroros/libmicroros.a(librcutils-error_handling.c.obj)
                0x080090a8                rcutils_reset_error
 .text.rmw_get_default_publisher_options
                0x080090e0        0x8 ../micro_ros_stm32cubemx_utils/microros_static_library_ide/libmicroros/libmicroros.a(librmw-publisher_options.c.obj)
                0x080090e0                rmw_get_default_publisher_options
 .text.rmw_uros_set_custom_transport
                0x080090e8       0x2c ../micro_ros_stm32cubemx_utils/microros_static_library_ide/libmicroros/libmicroros.a(librmw_microxrcedds-custom_transport.c.obj)
                0x080090e8                rmw_uros_set_custom_transport
 .text.flush_session
                0x08009114        0x8 ../micro_ros_stm32cubemx_utils/microros_static_library_ide/libmicroros/libmicroros.a(librmw_microxrcedds-rmw_publish.c.obj)
                0x08009114                flush_session
 .text.rmw_publish
                0x0800911c       0xc0 ../micro_ros_stm32cubemx_utils/microros_static_library_ide/libmicroros/libmicroros.a(librmw_microxrcedds-rmw_publish.c.obj)
                0x0800911c                rmw_publish
 .text.rmw_create_publisher
                0x080091dc      0x1bc ../micro_ros_stm32cubemx_utils/microros_static_library_ide/libmicroros/libmicroros.a(librmw_microxrcedds-rmw_publisher.c.obj)
                0x080091dc                rmw_create_publisher
 .text.rmw_publisher_get_actual_qos
                0x08009398       0x20 ../micro_ros_stm32cubemx_utils/microros_static_library_ide/libmicroros/libmicroros.a(librmw_microxrcedds-rmw_publisher.c.obj)
                0x08009398                rmw_publisher_get_actual_qos
 .text.rmw_destroy_publisher
                0x080093b8       0xa4 ../micro_ros_stm32cubemx_utils/microros_static_library_ide/libmicroros/libmicroros.a(librmw_microxrcedds-rmw_publisher.c.obj)
                0x080093b8                rmw_destroy_publisher
 .text.rmw_uxrce_init_service_memory
                0x0800945c       0x40 ../micro_ros_stm32cubemx_utils/microros_static_library_ide/libmicroros/libmicroros.a(librmw_microxrcedds-types.c.obj)
                0x0800945c                rmw_uxrce_init_service_memory
 .text.rmw_uxrce_init_client_memory
                0x0800949c       0x40 ../micro_ros_stm32cubemx_utils/microros_static_library_ide/libmicroros/libmicroros.a(librmw_microxrcedds-types.c.obj)
                0x0800949c                rmw_uxrce_init_client_memory
 .text.rmw_uxrce_init_publisher_memory
                0x080094dc       0x40 ../micro_ros_stm32cubemx_utils/microros_static_library_ide/libmicroros/libmicroros.a(librmw_microxrcedds-types.c.obj)
                0x080094dc                rmw_uxrce_init_publisher_memory
 .text.rmw_uxrce_init_subscription_memory
                0x0800951c       0x40 ../micro_ros_stm32cubemx_utils/microros_static_library_ide/libmicroros/libmicroros.a(librmw_microxrcedds-types.c.obj)
                0x0800951c                rmw_uxrce_init_subscription_memory
 .text.rmw_uxrce_init_node_memory
                0x0800955c       0x40 ../micro_ros_stm32cubemx_utils/microros_static_library_ide/libmicroros/libmicroros.a(librmw_microxrcedds-types.c.obj)
                0x0800955c                rmw_uxrce_init_node_memory
 .text.rmw_uxrce_init_session_memory
                0x0800959c       0x40 ../micro_ros_stm32cubemx_utils/microros_static_library_ide/libmicroros/libmicroros.a(librmw_microxrcedds-types.c.obj)
                0x0800959c                rmw_uxrce_init_session_memory
 .text.rmw_uxrce_init_topic_memory
                0x080095dc       0x40 ../micro_ros_stm32cubemx_utils/microros_static_library_ide/libmicroros/libmicroros.a(librmw_microxrcedds-types.c.obj)
                0x080095dc                rmw_uxrce_init_topic_memory
 .text.rmw_uxrce_init_static_input_buffer_memory
                0x0800961c       0x40 ../micro_ros_stm32cubemx_utils/microros_static_library_ide/libmicroros/libmicroros.a(librmw_microxrcedds-types.c.obj)
                0x0800961c                rmw_uxrce_init_static_input_buffer_memory
 .text.rmw_uxrce_init_init_options_impl_memory
                0x0800965c       0x40 ../micro_ros_stm32cubemx_utils/microros_static_library_ide/libmicroros/libmicroros.a(librmw_microxrcedds-types.c.obj)
                0x0800965c                rmw_uxrce_init_init_options_impl_memory
 .text.rmw_uxrce_init_wait_set_memory
                0x0800969c       0x40 ../micro_ros_stm32cubemx_utils/microros_static_library_ide/libmicroros/libmicroros.a(librmw_microxrcedds-types.c.obj)
                0x0800969c                rmw_uxrce_init_wait_set_memory
 .text.rmw_uxrce_init_guard_condition_memory
                0x080096dc       0x40 ../micro_ros_stm32cubemx_utils/microros_static_library_ide/libmicroros/libmicroros.a(librmw_microxrcedds-types.c.obj)
                0x080096dc                rmw_uxrce_init_guard_condition_memory
 .text.rmw_uxrce_fini_session_memory
                0x0800971c        0xc ../micro_ros_stm32cubemx_utils/microros_static_library_ide/libmicroros/libmicroros.a(librmw_microxrcedds-types.c.obj)
                0x0800971c                rmw_uxrce_fini_session_memory
 .text.rmw_uxrce_fini_node_memory
                0x08009728       0x30 ../micro_ros_stm32cubemx_utils/microros_static_library_ide/libmicroros/libmicroros.a(librmw_microxrcedds-types.c.obj)
                0x08009728                rmw_uxrce_fini_node_memory
 .text.rmw_uxrce_fini_publisher_memory
                0x08009758       0x2c ../micro_ros_stm32cubemx_utils/microros_static_library_ide/libmicroros/libmicroros.a(librmw_microxrcedds-types.c.obj)
                0x08009758                rmw_uxrce_fini_publisher_memory
 .text.rmw_uxrce_fini_subscription_memory
                0x08009784       0x2c ../micro_ros_stm32cubemx_utils/microros_static_library_ide/libmicroros/libmicroros.a(librmw_microxrcedds-types.c.obj)
                0x08009784                rmw_uxrce_fini_subscription_memory
 .text.rmw_uxrce_fini_service_memory
                0x080097b0       0x2c ../micro_ros_stm32cubemx_utils/microros_static_library_ide/libmicroros/libmicroros.a(librmw_microxrcedds-types.c.obj)
                0x080097b0                rmw_uxrce_fini_service_memory
 .text.rmw_uxrce_fini_client_memory
                0x080097dc       0x2c ../micro_ros_stm32cubemx_utils/microros_static_library_ide/libmicroros/libmicroros.a(librmw_microxrcedds-types.c.obj)
                0x080097dc                rmw_uxrce_fini_client_memory
 .text.rmw_uxrce_fini_topic_memory
                0x08009808       0x18 ../micro_ros_stm32cubemx_utils/microros_static_library_ide/libmicroros/libmicroros.a(librmw_microxrcedds-types.c.obj)
                0x08009808                rmw_uxrce_fini_topic_memory
 .text.rmw_uxrce_get_static_input_buffer_for_entity
                0x08009820       0xa0 ../micro_ros_stm32cubemx_utils/microros_static_library_ide/libmicroros/libmicroros.a(librmw_microxrcedds-types.c.obj)
                0x08009820                rmw_uxrce_get_static_input_buffer_for_entity
 .text.run_xrce_session
                0x080098c0       0x38 ../micro_ros_stm32cubemx_utils/microros_static_library_ide/libmicroros/libmicroros.a(librmw_microxrcedds-utils.c.obj)
                0x080098c0                run_xrce_session
 .text.convert_qos_profile
                0x080098f8       0x34 ../micro_ros_stm32cubemx_utils/microros_static_library_ide/libmicroros/libmicroros.a(librmw_microxrcedds-utils.c.obj)
                0x080098f8                convert_qos_profile
 .text.generate_type_name
                0x0800992c       0x60 ../micro_ros_stm32cubemx_utils/microros_static_library_ide/libmicroros/libmicroros.a(librmw_microxrcedds-utils.c.obj)
                0x0800992c                generate_type_name
 .text.generate_topic_name
                0x0800998c       0x34 ../micro_ros_stm32cubemx_utils/microros_static_library_ide/libmicroros/libmicroros.a(librmw_microxrcedds-utils.c.obj)
                0x0800998c                generate_topic_name
 .text.is_uxrce_rmw_identifier_valid
                0x080099c0       0x1c ../micro_ros_stm32cubemx_utils/microros_static_library_ide/libmicroros/libmicroros.a(librmw_microxrcedds-utils.c.obj)
                0x080099c0                is_uxrce_rmw_identifier_valid
 .text.get_message_typesupport_handle
                0x080099dc        0x4 ../micro_ros_stm32cubemx_utils/microros_static_library_ide/libmicroros/libmicroros.a(librosidl_runtime_c-message_type_support.c.obj)
                0x080099dc                get_message_typesupport_handle
 .text.get_message_typesupport_handle_function
                0x080099e0       0x14 ../micro_ros_stm32cubemx_utils/microros_static_library_ide/libmicroros/libmicroros.a(librosidl_runtime_c-message_type_support.c.obj)
                0x080099e0                get_message_typesupport_handle_function
 .text.rosidl_typesupport_c__get_message_type_support_handle__rover_msgs__msg__EncoderMsg
                0x080099f4       0x1c ../micro_ros_stm32cubemx_utils/microros_static_library_ide/libmicroros/libmicroros.a(librover_msgs__rosidl_typesupport_c-encoder_msg__type_support.cpp.obj)
                0x080099f4                rosidl_typesupport_c__get_message_type_support_handle__rover_msgs__msg__EncoderMsg
 .text.startup._GLOBAL__sub_I_rosidl_typesupport_c__get_message_type_support_handle__rover_msgs__msg__EncoderMsg
                0x08009a10       0x14 ../micro_ros_stm32cubemx_utils/microros_static_library_ide/libmicroros/libmicroros.a(librover_msgs__rosidl_typesupport_c-encoder_msg__type_support.cpp.obj)
 .text.rover_msgs__msg__EncoderMsg__rosidl_typesupport_introspection_c__EncoderMsg_init_function
                0x08009a24        0x4 ../micro_ros_stm32cubemx_utils/microros_static_library_ide/libmicroros/libmicroros.a(librover_msgs__rosidl_typesupport_introspection_c-encoder_msg__type_support.c.obj)
                0x08009a24                rover_msgs__msg__EncoderMsg__rosidl_typesupport_introspection_c__EncoderMsg_init_function
 .text.rover_msgs__msg__EncoderMsg__rosidl_typesupport_introspection_c__EncoderMsg_fini_function
                0x08009a28        0x4 ../micro_ros_stm32cubemx_utils/microros_static_library_ide/libmicroros/libmicroros.a(librover_msgs__rosidl_typesupport_introspection_c-encoder_msg__type_support.c.obj)
                0x08009a28                rover_msgs__msg__EncoderMsg__rosidl_typesupport_introspection_c__EncoderMsg_fini_function
 .text.rosidl_typesupport_introspection_c__get_message_type_support_handle__rover_msgs__msg__EncoderMsg
                0x08009a2c       0x1c ../micro_ros_stm32cubemx_utils/microros_static_library_ide/libmicroros/libmicroros.a(librover_msgs__rosidl_typesupport_introspection_c-encoder_msg__type_support.c.obj)
                0x08009a2c                rosidl_typesupport_introspection_c__get_message_type_support_handle__rover_msgs__msg__EncoderMsg
 .text.get_serialized_size_rover_msgs__msg__EncoderMsg
                0x08009a48       0x40 ../micro_ros_stm32cubemx_utils/microros_static_library_ide/libmicroros/libmicroros.a(librover_msgs__rosidl_typesupport_microxrcedds_c-encoder_msg__type_support_c.c.obj)
                0x08009a48                get_serialized_size_rover_msgs__msg__EncoderMsg
 .text._EncoderMsg__cdr_deserialize
                0x08009a88       0x30 ../micro_ros_stm32cubemx_utils/microros_static_library_ide/libmicroros/libmicroros.a(librover_msgs__rosidl_typesupport_microxrcedds_c-encoder_msg__type_support_c.c.obj)
 .text._EncoderMsg__cdr_serialize
                0x08009ab8       0x38 ../micro_ros_stm32cubemx_utils/microros_static_library_ide/libmicroros/libmicroros.a(librover_msgs__rosidl_typesupport_microxrcedds_c-encoder_msg__type_support_c.c.obj)
 .text._EncoderMsg__get_serialized_size
                0x08009af0       0x38 ../micro_ros_stm32cubemx_utils/microros_static_library_ide/libmicroros/libmicroros.a(librover_msgs__rosidl_typesupport_microxrcedds_c-encoder_msg__type_support_c.c.obj)
 .text._EncoderMsg__max_serialized_size
                0x08009b28       0x34 ../micro_ros_stm32cubemx_utils/microros_static_library_ide/libmicroros/libmicroros.a(librover_msgs__rosidl_typesupport_microxrcedds_c-encoder_msg__type_support_c.c.obj)
 .text.rosidl_typesupport_microxrcedds_c__get_message_type_support_handle__rover_msgs__msg__EncoderMsg
                0x08009b5c        0x8 ../micro_ros_stm32cubemx_utils/microros_static_library_ide/libmicroros/libmicroros.a(librover_msgs__rosidl_typesupport_microxrcedds_c-encoder_msg__type_support_c.c.obj)
                0x08009b5c                rosidl_typesupport_microxrcedds_c__get_message_type_support_handle__rover_msgs__msg__EncoderMsg
 .text.ucdr_serialize_bool
                0x08009b64       0x2c ../micro_ros_stm32cubemx_utils/microros_static_library_ide/libmicroros/libmicroros.a(libmicrocdr-basic.c.obj)
                0x08009b64                ucdr_serialize_bool
 .text.ucdr_deserialize_bool
                0x08009b90       0x30 ../micro_ros_stm32cubemx_utils/microros_static_library_ide/libmicroros/libmicroros.a(libmicrocdr-basic.c.obj)
                0x08009b90                ucdr_deserialize_bool
 .text.ucdr_serialize_uint8_t
                0x08009bc0       0x2c ../micro_ros_stm32cubemx_utils/microros_static_library_ide/libmicroros/libmicroros.a(libmicrocdr-basic.c.obj)
                0x08009bc0                ucdr_serialize_uint8_t
 .text.ucdr_deserialize_uint8_t
                0x08009bec       0x2c ../micro_ros_stm32cubemx_utils/microros_static_library_ide/libmicroros/libmicroros.a(libmicrocdr-basic.c.obj)
                0x08009bec                ucdr_deserialize_uint8_t
 .text.ucdr_serialize_uint16_t
                0x08009c18      0x100 ../micro_ros_stm32cubemx_utils/microros_static_library_ide/libmicroros/libmicroros.a(libmicrocdr-basic.c.obj)
                0x08009c18                ucdr_serialize_uint16_t
 .text.ucdr_serialize_endian_uint16_t
                0x08009d18      0x100 ../micro_ros_stm32cubemx_utils/microros_static_library_ide/libmicroros/libmicroros.a(libmicrocdr-basic.c.obj)
                0x08009d18                ucdr_serialize_endian_uint16_t
 .text.ucdr_deserialize_uint16_t
                0x08009e18       0xe8 ../micro_ros_stm32cubemx_utils/microros_static_library_ide/libmicroros/libmicroros.a(libmicrocdr-basic.c.obj)
                0x08009e18                ucdr_deserialize_uint16_t
 .text.ucdr_deserialize_endian_uint16_t
                0x08009f00       0xec ../micro_ros_stm32cubemx_utils/microros_static_library_ide/libmicroros/libmicroros.a(libmicrocdr-basic.c.obj)
                0x08009f00                ucdr_deserialize_endian_uint16_t
 .text.ucdr_serialize_uint32_t
                0x08009fec      0x130 ../micro_ros_stm32cubemx_utils/microros_static_library_ide/libmicroros/libmicroros.a(libmicrocdr-basic.c.obj)
                0x08009fec                ucdr_serialize_uint32_t
 .text.ucdr_serialize_endian_uint32_t
                0x0800a11c      0x130 ../micro_ros_stm32cubemx_utils/microros_static_library_ide/libmicroros/libmicroros.a(libmicrocdr-basic.c.obj)
                0x0800a11c                ucdr_serialize_endian_uint32_t
 .text.ucdr_deserialize_uint32_t
                0x0800a24c      0x120 ../micro_ros_stm32cubemx_utils/microros_static_library_ide/libmicroros/libmicroros.a(libmicrocdr-basic.c.obj)
                0x0800a24c                ucdr_deserialize_uint32_t
 .text.ucdr_deserialize_endian_uint32_t
                0x0800a36c      0x12c ../micro_ros_stm32cubemx_utils/microros_static_library_ide/libmicroros/libmicroros.a(libmicrocdr-basic.c.obj)
                0x0800a36c                ucdr_deserialize_endian_uint32_t
 .text.ucdr_serialize_uint64_t
                0x0800a498      0x1a0 ../micro_ros_stm32cubemx_utils/microros_static_library_ide/libmicroros/libmicroros.a(libmicrocdr-basic.c.obj)
                0x0800a498                ucdr_serialize_uint64_t
 .text.ucdr_serialize_int16_t
                0x0800a638      0x100 ../micro_ros_stm32cubemx_utils/microros_static_library_ide/libmicroros/libmicroros.a(libmicrocdr-basic.c.obj)
                0x0800a638                ucdr_serialize_int16_t
 .text.ucdr_deserialize_int16_t
                0x0800a738       0xe8 ../micro_ros_stm32cubemx_utils/microros_static_library_ide/libmicroros/libmicroros.a(libmicrocdr-basic.c.obj)
                0x0800a738                ucdr_deserialize_int16_t
 .text.ucdr_deserialize_int32_t
                0x0800a820      0x120 ../micro_ros_stm32cubemx_utils/microros_static_library_ide/libmicroros/libmicroros.a(libmicrocdr-basic.c.obj)
                0x0800a820                ucdr_deserialize_int32_t
 .text.ucdr_serialize_float
                0x0800a940      0x130 ../micro_ros_stm32cubemx_utils/microros_static_library_ide/libmicroros/libmicroros.a(libmicrocdr-basic.c.obj)
                0x0800a940                ucdr_serialize_float
 .text.ucdr_deserialize_float
                0x0800aa70      0x120 ../micro_ros_stm32cubemx_utils/microros_static_library_ide/libmicroros/libmicroros.a(libmicrocdr-basic.c.obj)
                0x0800aa70                ucdr_deserialize_float
 .text.ucdr_check_buffer_available_for
                0x0800ab90       0x18 ../micro_ros_stm32cubemx_utils/microros_static_library_ide/libmicroros/libmicroros.a(libmicrocdr-common.c.obj)
                0x0800ab90                ucdr_check_buffer_available_for
 .text.ucdr_check_final_buffer_behavior
                0x0800aba8       0x38 ../micro_ros_stm32cubemx_utils/microros_static_library_ide/libmicroros/libmicroros.a(libmicrocdr-common.c.obj)
                0x0800aba8                ucdr_check_final_buffer_behavior
 .text.ucdr_set_on_full_buffer_callback
                0x0800abe0        0x8 ../micro_ros_stm32cubemx_utils/microros_static_library_ide/libmicroros/libmicroros.a(libmicrocdr-common.c.obj)
                0x0800abe0                ucdr_set_on_full_buffer_callback
 .text.ucdr_init_buffer_origin_offset_endian
                0x0800abe8       0x2c ../micro_ros_stm32cubemx_utils/microros_static_library_ide/libmicroros/libmicroros.a(libmicrocdr-common.c.obj)
                0x0800abe8                ucdr_init_buffer_origin_offset_endian
 .text.ucdr_init_buffer_origin_offset
                0x0800ac14       0x14 ../micro_ros_stm32cubemx_utils/microros_static_library_ide/libmicroros/libmicroros.a(libmicrocdr-common.c.obj)
                0x0800ac14                ucdr_init_buffer_origin_offset
 .text.ucdr_init_buffer_origin
                0x0800ac28       0x10 ../micro_ros_stm32cubemx_utils/microros_static_library_ide/libmicroros/libmicroros.a(libmicrocdr-common.c.obj)
                0x0800ac28                ucdr_init_buffer_origin
 .text.ucdr_init_buffer
                0x0800ac38        0x8 ../micro_ros_stm32cubemx_utils/microros_static_library_ide/libmicroros/libmicroros.a(libmicrocdr-common.c.obj)
                0x0800ac38                ucdr_init_buffer
 .text.ucdr_alignment
                0x0800ac40       0x10 ../micro_ros_stm32cubemx_utils/microros_static_library_ide/libmicroros/libmicroros.a(libmicrocdr-common.c.obj)
                0x0800ac40                ucdr_alignment
 .text.ucdr_buffer_alignment
                0x0800ac50       0x1c ../micro_ros_stm32cubemx_utils/microros_static_library_ide/libmicroros/libmicroros.a(libmicrocdr-common.c.obj)
                0x0800ac50                ucdr_buffer_alignment
 .text.ucdr_align_to
                0x0800ac6c       0x24 ../micro_ros_stm32cubemx_utils/microros_static_library_ide/libmicroros/libmicroros.a(libmicrocdr-common.c.obj)
                0x0800ac6c                ucdr_align_to
 .text.ucdr_buffer_length
                0x0800ac90        0x8 ../micro_ros_stm32cubemx_utils/microros_static_library_ide/libmicroros/libmicroros.a(libmicrocdr-common.c.obj)
                0x0800ac90                ucdr_buffer_length
 .text.ucdr_buffer_remaining
                0x0800ac98        0x8 ../micro_ros_stm32cubemx_utils/microros_static_library_ide/libmicroros/libmicroros.a(libmicrocdr-common.c.obj)
                0x0800ac98                ucdr_buffer_remaining
 .text.ucdr_check_final_buffer_behavior_array
                0x0800aca0       0x38 ../micro_ros_stm32cubemx_utils/microros_static_library_ide/libmicroros/libmicroros.a(libmicrocdr-common.c.obj)
                0x0800aca0                ucdr_check_final_buffer_behavior_array
 .text.ucdr_advance_buffer
                0x0800acd8       0x40 ../micro_ros_stm32cubemx_utils/microros_static_library_ide/libmicroros/libmicroros.a(libmicrocdr-common.c.obj)
                0x0800acd8                ucdr_advance_buffer
 .text.uxr_buffer_delete_entity
                0x0800ad18       0x40 ../micro_ros_stm32cubemx_utils/microros_static_library_ide/libmicroros/libmicroros.a(libmicroxrcedds_client-common_create_entities.c.obj)
                0x0800ad18                uxr_buffer_delete_entity
 .text.uxr_common_create_entity
                0x0800ad58       0x58 ../micro_ros_stm32cubemx_utils/microros_static_library_ide/libmicroros/libmicroros.a(libmicroxrcedds_client-common_create_entities.c.obj)
                0x0800ad58                uxr_common_create_entity
 .text.uxr_buffer_create_participant_bin
                0x0800adb0       0x64 ../micro_ros_stm32cubemx_utils/microros_static_library_ide/libmicroros/libmicroros.a(libmicroxrcedds_client-create_entities_bin.c.obj)
                0x0800adb0                uxr_buffer_create_participant_bin
 .text.uxr_buffer_create_topic_bin
                0x0800ae14       0x6c ../micro_ros_stm32cubemx_utils/microros_static_library_ide/libmicroros/libmicroros.a(libmicroxrcedds_client-create_entities_bin.c.obj)
                0x0800ae14                uxr_buffer_create_topic_bin
 .text.uxr_buffer_create_publisher_bin
                0x0800ae80       0x60 ../micro_ros_stm32cubemx_utils/microros_static_library_ide/libmicroros/libmicroros.a(libmicroxrcedds_client-create_entities_bin.c.obj)
                0x0800ae80                uxr_buffer_create_publisher_bin
 .text.uxr_buffer_create_datawriter_bin
                0x0800aee0       0xec ../micro_ros_stm32cubemx_utils/microros_static_library_ide/libmicroros/libmicroros.a(libmicroxrcedds_client-create_entities_bin.c.obj)
                0x0800aee0                uxr_buffer_create_datawriter_bin
 .text.uxr_object_id
                0x0800afcc       0x1c ../micro_ros_stm32cubemx_utils/microros_static_library_ide/libmicroros/libmicroros.a(libmicroxrcedds_client-object_id.c.obj)
                0x0800afcc                uxr_object_id
 .text.uxr_object_id_from_raw
                0x0800afe8       0x28 ../micro_ros_stm32cubemx_utils/microros_static_library_ide/libmicroros/libmicroros.a(libmicroxrcedds_client-object_id.c.obj)
                0x0800afe8                uxr_object_id_from_raw
 .text.uxr_object_id_to_raw
                0x0800b010       0x1c ../micro_ros_stm32cubemx_utils/microros_static_library_ide/libmicroros/libmicroros.a(libmicroxrcedds_client-object_id.c.obj)
                0x0800b010                uxr_object_id_to_raw
 .text.on_get_fragmentation_info
                0x0800b02c       0x44 ../micro_ros_stm32cubemx_utils/microros_static_library_ide/libmicroros/libmicroros.a(libmicroxrcedds_client-session.c.obj)
 .text.read_submessage_get_info
                0x0800b070       0x6c ../micro_ros_stm32cubemx_utils/microros_static_library_ide/libmicroros/libmicroros.a(libmicroxrcedds_client-session.c.obj)
 .text.write_submessage_acknack.isra.0
                0x0800b0dc       0x6c ../micro_ros_stm32cubemx_utils/microros_static_library_ide/libmicroros/libmicroros.a(libmicroxrcedds_client-session.c.obj)
 .text.uxr_init_session
                0x0800b148       0x40 ../micro_ros_stm32cubemx_utils/microros_static_library_ide/libmicroros/libmicroros.a(libmicroxrcedds_client-session.c.obj)
                0x0800b148                uxr_init_session
 .text.uxr_set_status_callback
                0x0800b188        0x8 ../micro_ros_stm32cubemx_utils/microros_static_library_ide/libmicroros/libmicroros.a(libmicroxrcedds_client-session.c.obj)
                0x0800b188                uxr_set_status_callback
 .text.uxr_set_topic_callback
                0x0800b190        0x8 ../micro_ros_stm32cubemx_utils/microros_static_library_ide/libmicroros/libmicroros.a(libmicroxrcedds_client-session.c.obj)
                0x0800b190                uxr_set_topic_callback
 .text.uxr_set_request_callback
                0x0800b198        0x8 ../micro_ros_stm32cubemx_utils/microros_static_library_ide/libmicroros/libmicroros.a(libmicroxrcedds_client-session.c.obj)
                0x0800b198                uxr_set_request_callback
 .text.uxr_set_reply_callback
                0x0800b1a0        0x8 ../micro_ros_stm32cubemx_utils/microros_static_library_ide/libmicroros/libmicroros.a(libmicroxrcedds_client-session.c.obj)
                0x0800b1a0                uxr_set_reply_callback
 .text.uxr_create_output_best_effort_stream
                0x0800b1a8       0x24 ../micro_ros_stm32cubemx_utils/microros_static_library_ide/libmicroros/libmicroros.a(libmicroxrcedds_client-session.c.obj)
                0x0800b1a8                uxr_create_output_best_effort_stream
 .text.uxr_create_output_reliable_stream
                0x0800b1cc       0x44 ../micro_ros_stm32cubemx_utils/microros_static_library_ide/libmicroros/libmicroros.a(libmicroxrcedds_client-session.c.obj)
                0x0800b1cc                uxr_create_output_reliable_stream
 .text.uxr_create_input_best_effort_stream
                0x0800b210        0xc ../micro_ros_stm32cubemx_utils/microros_static_library_ide/libmicroros/libmicroros.a(libmicroxrcedds_client-session.c.obj)
                0x0800b210                uxr_create_input_best_effort_stream
 .text.uxr_create_input_reliable_stream
                0x0800b21c       0x38 ../micro_ros_stm32cubemx_utils/microros_static_library_ide/libmicroros/libmicroros.a(libmicroxrcedds_client-session.c.obj)
                0x0800b21c                uxr_create_input_reliable_stream
 .text.uxr_epoch_nanos
                0x0800b254       0x14 ../micro_ros_stm32cubemx_utils/microros_static_library_ide/libmicroros/libmicroros.a(libmicroxrcedds_client-session.c.obj)
                0x0800b254                uxr_epoch_nanos
 .text.uxr_flash_output_streams
                0x0800b268       0xec ../micro_ros_stm32cubemx_utils/microros_static_library_ide/libmicroros/libmicroros.a(libmicroxrcedds_client-session.c.obj)
                0x0800b268                uxr_flash_output_streams
 .text.read_submessage_info
                0x0800b354       0x90 ../micro_ros_stm32cubemx_utils/microros_static_library_ide/libmicroros/libmicroros.a(libmicroxrcedds_client-session.c.obj)
                0x0800b354                read_submessage_info
 .text.read_submessage_list
                0x0800b3e4      0x310 ../micro_ros_stm32cubemx_utils/microros_static_library_ide/libmicroros/libmicroros.a(libmicroxrcedds_client-session.c.obj)
 .text.listen_message_reliably
                0x0800b6f4      0x280 ../micro_ros_stm32cubemx_utils/microros_static_library_ide/libmicroros/libmicroros.a(libmicroxrcedds_client-session.c.obj)
 .text.uxr_run_session_until_confirm_delivery
                0x0800b974       0x4c ../micro_ros_stm32cubemx_utils/microros_static_library_ide/libmicroros/libmicroros.a(libmicroxrcedds_client-session.c.obj)
                0x0800b974                uxr_run_session_until_confirm_delivery
 .text.uxr_run_session_until_all_status
                0x0800b9c0       0xa4 ../micro_ros_stm32cubemx_utils/microros_static_library_ide/libmicroros/libmicroros.a(libmicroxrcedds_client-session.c.obj)
                0x0800b9c0                uxr_run_session_until_all_status
 .text.wait_session_status
                0x0800ba64      0x1a0 ../micro_ros_stm32cubemx_utils/microros_static_library_ide/libmicroros/libmicroros.a(libmicroxrcedds_client-session.c.obj)
 .text.uxr_delete_session_retries
                0x0800bc04       0x50 ../micro_ros_stm32cubemx_utils/microros_static_library_ide/libmicroros/libmicroros.a(libmicroxrcedds_client-session.c.obj)
                0x0800bc04                uxr_delete_session_retries
 .text.uxr_create_session
                0x0800bc54      0x1bc ../micro_ros_stm32cubemx_utils/microros_static_library_ide/libmicroros/libmicroros.a(libmicroxrcedds_client-session.c.obj)
                0x0800bc54                uxr_create_session
 .text.uxr_prepare_stream_to_write_submessage
                0x0800be10       0x88 ../micro_ros_stm32cubemx_utils/microros_static_library_ide/libmicroros/libmicroros.a(libmicroxrcedds_client-session.c.obj)
                0x0800be10                uxr_prepare_stream_to_write_submessage
 .text.uxr_init_session_info
                0x0800be98       0x20 ../micro_ros_stm32cubemx_utils/microros_static_library_ide/libmicroros/libmicroros.a(libmicroxrcedds_client-session_info.c.obj)
                0x0800be98                uxr_init_session_info
 .text.uxr_buffer_create_session
                0x0800beb8       0x54 ../micro_ros_stm32cubemx_utils/microros_static_library_ide/libmicroros/libmicroros.a(libmicroxrcedds_client-session_info.c.obj)
                0x0800beb8                uxr_buffer_create_session
 .text.uxr_buffer_delete_session
                0x0800bf0c       0x38 ../micro_ros_stm32cubemx_utils/microros_static_library_ide/libmicroros/libmicroros.a(libmicroxrcedds_client-session_info.c.obj)
                0x0800bf0c                uxr_buffer_delete_session
 .text.uxr_read_create_session_status
                0x0800bf44       0x18 ../micro_ros_stm32cubemx_utils/microros_static_library_ide/libmicroros/libmicroros.a(libmicroxrcedds_client-session_info.c.obj)
                0x0800bf44                uxr_read_create_session_status
 .text.uxr_read_delete_session_status
                0x0800bf5c       0x3c ../micro_ros_stm32cubemx_utils/microros_static_library_ide/libmicroros/libmicroros.a(libmicroxrcedds_client-session_info.c.obj)
                0x0800bf5c                uxr_read_delete_session_status
 .text.uxr_stamp_create_session_header
                0x0800bf98       0x28 ../micro_ros_stm32cubemx_utils/microros_static_library_ide/libmicroros/libmicroros.a(libmicroxrcedds_client-session_info.c.obj)
                0x0800bf98                uxr_stamp_create_session_header
 .text.uxr_stamp_session_header
                0x0800bfc0       0x28 ../micro_ros_stm32cubemx_utils/microros_static_library_ide/libmicroros/libmicroros.a(libmicroxrcedds_client-session_info.c.obj)
                0x0800bfc0                uxr_stamp_session_header
 .text.uxr_read_session_header
                0x0800bfe8       0x84 ../micro_ros_stm32cubemx_utils/microros_static_library_ide/libmicroros/libmicroros.a(libmicroxrcedds_client-session_info.c.obj)
                0x0800bfe8                uxr_read_session_header
 .text.uxr_session_header_offset
                0x0800c06c       0x10 ../micro_ros_stm32cubemx_utils/microros_static_library_ide/libmicroros/libmicroros.a(libmicroxrcedds_client-session_info.c.obj)
                0x0800c06c                uxr_session_header_offset
 .text.uxr_init_base_object_request
                0x0800c07c       0x3c ../micro_ros_stm32cubemx_utils/microros_static_library_ide/libmicroros/libmicroros.a(libmicroxrcedds_client-session_info.c.obj)
                0x0800c07c                uxr_init_base_object_request
 .text.uxr_parse_base_object_request
                0x0800c0b8       0x24 ../micro_ros_stm32cubemx_utils/microros_static_library_ide/libmicroros/libmicroros.a(libmicroxrcedds_client-session_info.c.obj)
                0x0800c0b8                uxr_parse_base_object_request
 .text.uxr_stream_id
                0x0800c0dc       0x54 ../micro_ros_stm32cubemx_utils/microros_static_library_ide/libmicroros/libmicroros.a(libmicroxrcedds_client-stream_id.c.obj)
                0x0800c0dc                uxr_stream_id
 .text.uxr_stream_id_from_raw
                0x0800c130       0x54 ../micro_ros_stm32cubemx_utils/microros_static_library_ide/libmicroros/libmicroros.a(libmicroxrcedds_client-stream_id.c.obj)
                0x0800c130                uxr_stream_id_from_raw
 .text.uxr_init_stream_storage
                0x0800c184       0x14 ../micro_ros_stm32cubemx_utils/microros_static_library_ide/libmicroros/libmicroros.a(libmicroxrcedds_client-stream_storage.c.obj)
                0x0800c184                uxr_init_stream_storage
 .text.uxr_reset_stream_storage
                0x0800c198       0x80 ../micro_ros_stm32cubemx_utils/microros_static_library_ide/libmicroros/libmicroros.a(libmicroxrcedds_client-stream_storage.c.obj)
                0x0800c198                uxr_reset_stream_storage
 .text.uxr_add_output_best_effort_buffer
                0x0800c218       0x28 ../micro_ros_stm32cubemx_utils/microros_static_library_ide/libmicroros/libmicroros.a(libmicroxrcedds_client-stream_storage.c.obj)
                0x0800c218                uxr_add_output_best_effort_buffer
 .text.uxr_add_output_reliable_buffer
                0x0800c240       0x34 ../micro_ros_stm32cubemx_utils/microros_static_library_ide/libmicroros/libmicroros.a(libmicroxrcedds_client-stream_storage.c.obj)
                0x0800c240                uxr_add_output_reliable_buffer
 .text.uxr_add_input_best_effort_buffer
                0x0800c274       0x2c ../micro_ros_stm32cubemx_utils/microros_static_library_ide/libmicroros/libmicroros.a(libmicroxrcedds_client-stream_storage.c.obj)
                0x0800c274                uxr_add_input_best_effort_buffer
 .text.uxr_add_input_reliable_buffer
                0x0800c2a0       0x34 ../micro_ros_stm32cubemx_utils/microros_static_library_ide/libmicroros/libmicroros.a(libmicroxrcedds_client-stream_storage.c.obj)
                0x0800c2a0                uxr_add_input_reliable_buffer
 .text.uxr_get_output_best_effort_stream
                0x0800c2d4       0x10 ../micro_ros_stm32cubemx_utils/microros_static_library_ide/libmicroros/libmicroros.a(libmicroxrcedds_client-stream_storage.c.obj)
                0x0800c2d4                uxr_get_output_best_effort_stream
 .text.uxr_get_output_reliable_stream
                0x0800c2e4       0x14 ../micro_ros_stm32cubemx_utils/microros_static_library_ide/libmicroros/libmicroros.a(libmicroxrcedds_client-stream_storage.c.obj)
                0x0800c2e4                uxr_get_output_reliable_stream
 .text.uxr_get_input_best_effort_stream
                0x0800c2f8       0x14 ../micro_ros_stm32cubemx_utils/microros_static_library_ide/libmicroros/libmicroros.a(libmicroxrcedds_client-stream_storage.c.obj)
                0x0800c2f8                uxr_get_input_best_effort_stream
 .text.uxr_get_input_reliable_stream
                0x0800c30c       0x14 ../micro_ros_stm32cubemx_utils/microros_static_library_ide/libmicroros/libmicroros.a(libmicroxrcedds_client-stream_storage.c.obj)
                0x0800c30c                uxr_get_input_reliable_stream
 .text.uxr_output_streams_confirmed
                0x0800c320       0x2c ../micro_ros_stm32cubemx_utils/microros_static_library_ide/libmicroros/libmicroros.a(libmicroxrcedds_client-stream_storage.c.obj)
                0x0800c320                uxr_output_streams_confirmed
 .text.uxr_buffer_submessage_header
                0x0800c34c       0x34 ../micro_ros_stm32cubemx_utils/microros_static_library_ide/libmicroros/libmicroros.a(libmicroxrcedds_client-submessage.c.obj)
                0x0800c34c                uxr_buffer_submessage_header
 .text.uxr_read_submessage_header
                0x0800c380       0x4c ../micro_ros_stm32cubemx_utils/microros_static_library_ide/libmicroros/libmicroros.a(libmicroxrcedds_client-submessage.c.obj)
                0x0800c380                uxr_read_submessage_header
 .text.uxr_submessage_padding
                0x0800c3cc        0xc ../micro_ros_stm32cubemx_utils/microros_static_library_ide/libmicroros/libmicroros.a(libmicroxrcedds_client-submessage.c.obj)
                0x0800c3cc                uxr_submessage_padding
 .text.uxr_millis
                0x0800c3d8       0x34 ../micro_ros_stm32cubemx_utils/microros_static_library_ide/libmicroros/libmicroros.a(libmicroxrcedds_client-time.c.obj)
                0x0800c3d8                uxr_millis
 .text.uxr_nanos
                0x0800c40c       0x2c ../micro_ros_stm32cubemx_utils/microros_static_library_ide/libmicroros/libmicroros.a(libmicroxrcedds_client-time.c.obj)
                0x0800c40c                uxr_nanos
 .text.on_full_output_buffer_fragmented
                0x0800c438      0x114 ../micro_ros_stm32cubemx_utils/microros_static_library_ide/libmicroros/libmicroros.a(libmicroxrcedds_client-write_access.c.obj)
                0x0800c438                on_full_output_buffer_fragmented
 .text.uxr_prepare_output_stream
                0x0800c54c       0x60 ../micro_ros_stm32cubemx_utils/microros_static_library_ide/libmicroros/libmicroros.a(libmicroxrcedds_client-write_access.c.obj)
                0x0800c54c                uxr_prepare_output_stream
 .text.uxr_prepare_output_stream_fragmented
                0x0800c5ac      0x194 ../micro_ros_stm32cubemx_utils/microros_static_library_ide/libmicroros/libmicroros.a(libmicroxrcedds_client-write_access.c.obj)
                0x0800c5ac                uxr_prepare_output_stream_fragmented
 .text.uxr_serialize_message_header
                0x0800c740       0x3c ../micro_ros_stm32cubemx_utils/microros_static_library_ide/libmicroros/libmicroros.a(libmicroxrcedds_client-xrce_header.c.obj)
                0x0800c740                uxr_serialize_message_header
 .text.uxr_deserialize_message_header
                0x0800c77c       0x40 ../micro_ros_stm32cubemx_utils/microros_static_library_ide/libmicroros/libmicroros.a(libmicroxrcedds_client-xrce_header.c.obj)
                0x0800c77c                uxr_deserialize_message_header
 .text.uxr_serialize_submessage_header
                0x0800c7bc       0x28 ../micro_ros_stm32cubemx_utils/microros_static_library_ide/libmicroros/libmicroros.a(libmicroxrcedds_client-xrce_subheader.c.obj)
                0x0800c7bc                uxr_serialize_submessage_header
 .text.uxr_deserialize_submessage_header
                0x0800c7e4       0x28 ../micro_ros_stm32cubemx_utils/microros_static_library_ide/libmicroros/libmicroros.a(libmicroxrcedds_client-xrce_subheader.c.obj)
                0x0800c7e4                uxr_deserialize_submessage_header
 .text.uxr_serialize_CLIENT_Representation
                0x0800c80c       0xb0 ../micro_ros_stm32cubemx_utils/microros_static_library_ide/libmicroros/libmicroros.a(libmicroxrcedds_client-xrce_types.c.obj)
                0x0800c80c                uxr_serialize_CLIENT_Representation
 .text.uxr_deserialize_CLIENT_Representation
                0x0800c8bc       0xc8 ../micro_ros_stm32cubemx_utils/microros_static_library_ide/libmicroros/libmicroros.a(libmicroxrcedds_client-xrce_types.c.obj)
                0x0800c8bc                uxr_deserialize_CLIENT_Representation
 .text.uxr_serialize_AGENT_Representation
                0x0800c984       0x94 ../micro_ros_stm32cubemx_utils/microros_static_library_ide/libmicroros/libmicroros.a(libmicroxrcedds_client-xrce_types.c.obj)
                0x0800c984                uxr_serialize_AGENT_Representation
 .text.uxr_serialize_DATAWRITER_Representation
                0x0800ca18       0x50 ../micro_ros_stm32cubemx_utils/microros_static_library_ide/libmicroros/libmicroros.a(libmicroxrcedds_client-xrce_types.c.obj)
                0x0800ca18                uxr_serialize_DATAWRITER_Representation
 .text.uxr_serialize_ObjectVariant.part.0
                0x0800ca68       0xe8 ../micro_ros_stm32cubemx_utils/microros_static_library_ide/libmicroros/libmicroros.a(libmicroxrcedds_client-xrce_types.c.obj)
 .text.uxr_deserialize_DATAWRITER_Representation
                0x0800cb50       0x54 ../micro_ros_stm32cubemx_utils/microros_static_library_ide/libmicroros/libmicroros.a(libmicroxrcedds_client-xrce_types.c.obj)
                0x0800cb50                uxr_deserialize_DATAWRITER_Representation
 .text.uxr_serialize_OBJK_DomainParticipant_Binary
                0x0800cba4       0x44 ../micro_ros_stm32cubemx_utils/microros_static_library_ide/libmicroros/libmicroros.a(libmicroxrcedds_client-xrce_types.c.obj)
                0x0800cba4                uxr_serialize_OBJK_DomainParticipant_Binary
 .text.uxr_serialize_OBJK_Topic_Binary
                0x0800cbe8       0x4c ../micro_ros_stm32cubemx_utils/microros_static_library_ide/libmicroros/libmicroros.a(libmicroxrcedds_client-xrce_types.c.obj)
                0x0800cbe8                uxr_serialize_OBJK_Topic_Binary
 .text.uxr_serialize_OBJK_Publisher_Binary_Qos
                0x0800cc34      0x11c ../micro_ros_stm32cubemx_utils/microros_static_library_ide/libmicroros/libmicroros.a(libmicroxrcedds_client-xrce_types.c.obj)
                0x0800cc34                uxr_serialize_OBJK_Publisher_Binary_Qos
 .text.uxr_serialize_OBJK_Publisher_Binary
                0x0800cd50       0x44 ../micro_ros_stm32cubemx_utils/microros_static_library_ide/libmicroros/libmicroros.a(libmicroxrcedds_client-xrce_types.c.obj)
                0x0800cd50                uxr_serialize_OBJK_Publisher_Binary
 .text.uxr_serialize_OBJK_Endpoint_QosBinary
                0x0800cd94       0xa8 ../micro_ros_stm32cubemx_utils/microros_static_library_ide/libmicroros/libmicroros.a(libmicroxrcedds_client-xrce_types.c.obj)
                0x0800cd94                uxr_serialize_OBJK_Endpoint_QosBinary
 .text.uxr_serialize_OBJK_DataWriter_Binary
                0x0800ce3c       0x58 ../micro_ros_stm32cubemx_utils/microros_static_library_ide/libmicroros/libmicroros.a(libmicroxrcedds_client-xrce_types.c.obj)
                0x0800ce3c                uxr_serialize_OBJK_DataWriter_Binary
 .text.uxr_deserialize_ObjectVariant
                0x0800ce94      0x144 ../micro_ros_stm32cubemx_utils/microros_static_library_ide/libmicroros/libmicroros.a(libmicroxrcedds_client-xrce_types.c.obj)
                0x0800ce94                uxr_deserialize_ObjectVariant
 .text.uxr_deserialize_BaseObjectRequest
                0x0800cfd8       0x20 ../micro_ros_stm32cubemx_utils/microros_static_library_ide/libmicroros/libmicroros.a(libmicroxrcedds_client-xrce_types.c.obj)
                0x0800cfd8                uxr_deserialize_BaseObjectRequest
 .text.uxr_serialize_ActivityInfoVariant
                0x0800cff8      0x14c ../micro_ros_stm32cubemx_utils/microros_static_library_ide/libmicroros/libmicroros.a(libmicroxrcedds_client-xrce_types.c.obj)
                0x0800cff8                uxr_serialize_ActivityInfoVariant
 .text.uxr_deserialize_BaseObjectReply
                0x0800d144       0x3c ../micro_ros_stm32cubemx_utils/microros_static_library_ide/libmicroros/libmicroros.a(libmicroxrcedds_client-xrce_types.c.obj)