../Core/Src/main.c:159:5:main	8	static
../Core/Src/main.c:250:6:SystemClock_Config	88	static
../Core/Src/main.c:297:13:MX_TIM1_Init	96	static
../Core/Src/main.c:387:13:MX_TIM2_Init	64	static
../Core/Src/main.c:456:13:MX_TIM3_Init	64	static
../Core/Src/main.c:527:13:MX_USART2_UART_Init	8	static
../Core/Src/main.c:558:13:MX_DMA_Init	16	static
../Core/Src/main.c:579:13:MX_GPIO_Init	48	static
../Core/Src/main.c:640:6:SetServoPosition	24	static
../Core/Src/main.c:654:6:KameraKontrol	16	static
../Core/Src/main.c:691:9:speedToPWM	16	static
../Core/Src/main.c:696:6:setPWM	96	static
../Core/Src/main.c:726:7:calculatePID	40	static
../Core/Src/main.c:747:9:limitSpeedToPWM	16	static
../Core/Src/main.c:779:6:controlWheel	40	static
../Core/Src/main.c:791:6:controlDirection	32	static
../Core/Src/main.c:820:6:controlRover	24	static
../Core/Src/main.c:840:6:subscription_callback_encoder	24	static
../Core/Src/main.c:852:6:subscription_callback_controller	32	static
../Core/Src/main.c:889:6:StartDefaultTask	352	static
../Core/Src/main.c:989:6:Error_Handler	4	static
