../Core/Src/main.c:103:6:HAL_TIM_IC_CaptureCallback	16	static
../Core/Src/main.c:136:6:Kinematik_Hesapla	72	static
../Core/Src/main.c:202:6:setPWM	96	static
../Core/Src/main.c:221:7:calculatePID	24	static
../Core/Src/main.c:235:6:Motor_Kontrol	24	static
../Core/Src/main.c:249:6:HAL_ADC_ConvCpltCallback	16	static
../Core/Src/main.c:293:5:main	8	static
../Core/Src/main.c:361:6:SystemClock_Config	88	static
../Core/Src/main.c:408:13:MX_ADC1_Init	24	static
../Core/Src/main.c:478:13:MX_TIM1_Init	56	static
../Core/Src/main.c:544:13:MX_TIM2_Init	56	static
../Core/Src/main.c:609:13:MX_TIM3_Init	56	static
../Core/Src/main.c:674:13:MX_TIM4_Init	64	static
../Core/Src/main.c:745:13:MX_TIM5_Init	64	static
../Core/Src/main.c:808:13:MX_USART2_UART_Init	8	static
../Core/Src/main.c:839:13:MX_DMA_Init	16	static
../Core/Src/main.c:857:13:MX_GPIO_Init	48	static
../Core/Src/main.c:897:6:Error_Handler	4	static,ignoring_inline_asm
