../Core/Src/main.c:77:10:readTwo_register	24	static
../Core/Src/main.c:84:9:read_register	40	static
../Core/Src/main.c:105:6:write_register	40	static
../Core/Src/main.c:119:10:getRawAngle	8	static
../Core/Src/main.c:124:7:convertRawAngleToDegrees	24	static
../Core/Src/main.c:136:5:main	16	static
../Core/Src/main.c:200:6:SystemClock_Config	88	static
../Core/Src/main.c:247:13:MX_ADC1_Init	24	static
../Core/Src/main.c:299:13:MX_I2C1_Init	8	static
../Core/Src/main.c:333:13:MX_USART2_UART_Init	8	static
../Core/Src/main.c:366:13:MX_GPIO_Init	48	static
../Core/Src/main.c:406:6:Error_Handler	4	static,ignoring_inline_asm
