../Core/Src/main.c:61:5:BME280_Config	48	static
../Core/Src/main.c:125:5:BMEReadRaw	32	static
../Core/Src/main.c:151:6:BME280_Measure	8	static
../Core/Src/main.c:215:5:main	16	static
../Core/Src/main.c:274:6:SystemClock_Config	88	static
../Core/Src/main.c:321:13:MX_ADC1_Init	24	static
../Core/Src/main.c:373:13:MX_I2C1_Init	8	static
../Core/Src/main.c:407:13:MX_USART2_UART_Init	8	static
../Core/Src/main.c:440:13:MX_GPIO_Init	48	static
../Core/Src/main.c:480:6:Error_Handler	4	static,ignoring_inline_asm
